<html>
<body>
<pre>
<h1>礦ision Build Log</h1>
<h2>Tool Versions:</h2>
IDE-Version: μVision V5.23.0.0
Copyright (C) 2017 ARM Ltd and ARM Germany GmbH. All rights reserved.
License Information: WuSheng WuSheng, MuHai, LIC=KIVRA-1LF5U-246SS-LI46M-5PI11-PJZPB
 
Tool Versions:
Toolchain:       MDK-ARM Professional  Version: 5.23
Toolchain Path:  E:\keil\ARM\ARMCC\Bin
C Compiler:      Armcc.exe V5.06 update 4 (build 422)
Assembler:       Armasm.exe V5.06 update 4 (build 422)
Linker/Locator:  ArmLink.exe V5.06 update 4 (build 422)
Library Manager: ArmAr.exe V5.06 update 4 (build 422)
Hex Converter:   FromElf.exe V5.06 update 4 (build 422)
CPU DLL:         SARMCM3.DLL V5.23
Dialog DLL:      DARMSTM.DLL V1.68.0.0
Target DLL:      Segger\JL2CM3.dll V2.99.23.0
Dialog DLL:      TARMSTM.DLL V1.66.0.0
 
<h2>Project:</h2>
H:\软甲资料\战舰V3 资料盘(A盘)\4，程序源码\3，扩展例程\3，EMWIN扩展例程\EMWIN实验3 文本显示\USER\Template.uvprojx
Project File Date:  08/01/2015

<h2>Output:</h2>
*** Using Compiler 'V5.06 update 4 (build 422)', folder: 'E:\keil\ARM\ARMCC\Bin'
Build target 'Target 1'
compiling stm32f10x_it.c...
compiling system_stm32f10x.c...
compiling led.c...
compiling key.c...
compiling main.c...
main.c(222): warning:  #1-D: last line of file ends without a newline
  }
main.c: 1 warning, 0 errors
compiling sram.c...
compiling myiic.c...
compiling ILI93xx.c...
compiling 24cxx.c...
compiling spi.c...
compiling ctiic.c...
compiling ft5206.c...
compiling gt9147.c...
compiling ott2001a.c...
compiling touch.c...
compiling timer.c...
compiling beep.c...
compiling w25qxx.c...
compiling sdio_sdcard.c...
compiling sys.c...
compiling delay.c...
compiling usart.c...
assembling startup_stm32f10x_hd.s...
compiling core_cm3.c...
compiling misc.c...
compiling malloc.c...
compiling stm32f10x_crc.c...
compiling stm32f10x_gpio.c...
compiling stm32f10x_fsmc.c...
compiling stm32f10x_rcc.c...
compiling stm32f10x_spi.c...
compiling stm32f10x_usart.c...
compiling stm32f10x_tim.c...
compiling stm32f10x_sdio.c...
compiling stm32f10x_dma.c...
compiling lib_ascii.c...
compiling bsp.c...
compiling lib_math.c...
assembling lib_mem_a.asm...
compiling lib_mem.c...
compiling lib_str.c...
compiling os_cfg_app.c...
compiling os_dbg.c...
compiling os_core.c...
compiling os_flag.c...
compiling os_int.c...
compiling os_mem.c...
compiling os_msg.c...
compiling os_pend_multi.c...
compiling os_mutex.c...
compiling os_prio.c...
compiling os_q.c...
compiling os_sem.c...
compiling os_stat.c...
compiling os_tick.c...
compiling os_time.c...
compiling os_task.c...
compiling os_var.c...
compiling os_tmr.c...
assembling os_cpu_a.s...
compiling os_cpu_c.c...
compiling os_app_hooks.c...
compiling GUIConf.c...
compiling GUI_X_UCOSIII.c...
compiling GUIDRV_Template.c...
compiling cpu_core.c...
compiling GUI_X_Touch_Analog.c...
compiling cpu_c.c...
assembling cpu_a.asm...
compiling LCDConf_FlexColor_Template.c...
compiling diskio.c...
compiling exfuns.c...
compiling ff.c...
compiling mycc936.c...
compiling fattester.c...
compiling fontupd.c...
compiling textdisplay.c...
linking...
Program Size: Code=151154 RO-data=20458 RW-data=964 ZI-data=911940  
FromELF: creating hex file...
"..\OBJ\MALLOC.axf" - 0 Error(s), 1 Warning(s).

<h2>Collection of Component include folders:</h2>
  .\RTE\_Target_1
  E:\keil\ARM\PACK\Keil\STM32F1xx_DFP\2.2.0\Device\Include

<h2>Collection of Component Files used:</h2>
Build Time Elapsed:  00:00:14
</pre>
</body>
</html>
