Component: ARM Compiler 5.06 update 4 (build 422) Tool: armlink [4d35d2]

==============================================================================

Section Cross References

    main.o(.text) refers to os_time.o(.text) for OSTimeDlyHMSM
    main.o(.text) refers to gui_touch_driveranalog.o(i.GUI_TOUCH_Exec) for GUI_TOUCH_Exec
    main.o(.text) refers to gui_curs1.o(i.GUI_CURSOR_Show) for GUI_CURSOR_Show
    main.o(.text) refers to textdisplay.o(.text) for emwin_texttest
    main.o(.text) refers to gui_time.o(i.GUI_Delay) for GUI_Delay
    main.o(.text) refers to cpu_core.o(.text) for CPU_Init
    main.o(.text) refers to os_stat.o(.text) for OSStatTaskCPUUsageInit
    main.o(.text) refers to os_core.o(.text) for OSSchedRoundRobinCfg
    main.o(.text) refers to stm32f10x_rcc.o(.text) for RCC_AHBPeriphClockCmd
    main.o(.text) refers to gui_core.o(i.GUI_Init) for GUI_Init
    main.o(.text) refers to cpu_a.o(.text) for CPU_SR_Save
    main.o(.text) refers to os_task.o(.text) for OSTaskCreate
    main.o(.text) refers to delay.o(.text) for delay_init
    main.o(.text) refers to misc.o(.text) for NVIC_PriorityGroupConfig
    main.o(.text) refers to usart.o(.text) for uart_init
    main.o(.text) refers to led.o(.text) for LED_Init
    main.o(.text) refers to ili93xx.o(.text) for TFTLCD_Init
    main.o(.text) refers to key.o(.text) for KEY_Init
    main.o(.text) refers to beep.o(.text) for BEEP_Init
    main.o(.text) refers to sram.o(.text) for FSMC_SRAM_Init
    main.o(.text) refers to malloc.o(.text) for my_mem_init
    main.o(.text) refers to exfuns.o(.text) for exfuns_init
    main.o(.text) refers to ff.o(.text) for f_mount
    main.o(.text) refers to touch.o(.text) for TP_Init
    main.o(.text) refers to os_var.o(.data) for OSSchedLockNestingCtr
    main.o(.text) refers to main.o(.bss) for EMWINDEMO_TASK_STK
    main.o(.text) refers to exfuns.o(.data) for fs
    system_stm32f10x.o(.text) refers to system_stm32f10x.o(.data) for SystemCoreClock
    led.o(.text) refers to stm32f10x_rcc.o(.text) for RCC_APB2PeriphClockCmd
    led.o(.text) refers to stm32f10x_gpio.o(.text) for GPIO_Init
    key.o(.text) refers to stm32f10x_rcc.o(.text) for RCC_APB2PeriphClockCmd
    key.o(.text) refers to stm32f10x_gpio.o(.text) for GPIO_Init
    key.o(.text) refers to delay.o(.text) for delay_ms
    key.o(.text) refers to key.o(.data) for key_up
    ili93xx.o(.text) refers to _printf_percent.o(.ARM.Collect$$_printf_percent$$00000000) for _printf_percent
    ili93xx.o(.text) refers to _printf_x.o(.ARM.Collect$$_printf_percent$$0000000C) for _printf_x
    ili93xx.o(.text) refers to _printf_hex_int.o(.text) for _printf_longlong_hex
    ili93xx.o(.text) refers to delay.o(.text) for delay_us
    ili93xx.o(.text) refers to ili93xx.o(.bss) for lcddev
    ili93xx.o(.text) refers to ili93xx.o(.data) for POINT_COLOR
    ili93xx.o(.text) refers to dflt_clz.o(x$fpl$dfltu) for __aeabi_ui2d
    ili93xx.o(.text) refers to dmul.o(x$fpl$dmul) for __aeabi_dmul
    ili93xx.o(.text) refers to dfixu.o(x$fpl$dfixu) for __aeabi_d2uiz
    ili93xx.o(.text) refers to stm32f10x_rcc.o(.text) for RCC_AHBPeriphClockCmd
    ili93xx.o(.text) refers to stm32f10x_gpio.o(.text) for GPIO_Init
    ili93xx.o(.text) refers to stm32f10x_fsmc.o(.text) for FSMC_NORSRAMInit
    ili93xx.o(.text) refers to noretval__2printf.o(.text) for __2printf
    ili93xx.o(.text) refers to ili93xx.o(.constdata) for asc2_1206
    myiic.o(.text) refers to stm32f10x_rcc.o(.text) for RCC_APB2PeriphClockCmd
    myiic.o(.text) refers to stm32f10x_gpio.o(.text) for GPIO_Init
    myiic.o(.text) refers to delay.o(.text) for delay_us
    24cxx.o(.text) refers to myiic.o(.text) for IIC_Init
    24cxx.o(.text) refers to delay.o(.text) for delay_ms
    spi.o(.text) refers to stm32f10x_spi.o(.text) for SPI_I2S_GetFlagStatus
    spi.o(.text) refers to stm32f10x_rcc.o(.text) for RCC_APB2PeriphClockCmd
    spi.o(.text) refers to stm32f10x_gpio.o(.text) for GPIO_Init
    ctiic.o(.text) refers to delay.o(.text) for delay_us
    ft5206.o(.text) refers to _printf_percent.o(.ARM.Collect$$_printf_percent$$00000000) for _printf_percent
    ft5206.o(.text) refers to _printf_x.o(.ARM.Collect$$_printf_percent$$0000000C) for _printf_x
    ft5206.o(.text) refers to _printf_hex_int.o(.text) for _printf_longlong_hex
    ft5206.o(.text) refers to ctiic.o(.text) for CT_IIC_Start
    ft5206.o(.text) refers to delay.o(.text) for delay_ms
    ft5206.o(.text) refers to noretval__2printf.o(.text) for __2printf
    ft5206.o(.text) refers to ft5206.o(.data) for t
    ft5206.o(.text) refers to touch.o(.data) for tp_dev
    ft5206.o(.text) refers to ft5206.o(.constdata) for FT5206_TPX_TBL
    gt9147.o(.text) refers to _printf_percent.o(.ARM.Collect$$_printf_percent$$00000000) for _printf_percent
    gt9147.o(.text) refers to _printf_s.o(.ARM.Collect$$_printf_percent$$00000014) for _printf_s
    gt9147.o(.text) refers to _printf_str.o(.text) for _printf_str
[...]
    0x0801cae0   0x0000001c   Code   RO         2085    i.GUI_SetLayerVisEx  STemWin526_CM3_OS_Keil.lib(gui_selectlayer.o)
    0x0801cafc   0x0000001c   Code   RO         2755    i.GUI_SetLineStyle  STemWin526_CM3_OS_Keil.lib(gui_setlinestyle.o)
    0x0801cb18   0x00000040   Code   RO         2096    i.GUI_SetOrg        STemWin526_CM3_OS_Keil.lib(gui_setorg.o)
    0x0801cb58   0x0000001c   Code   RO         1632    i.GUI_SetPenSize    STemWin526_CM3_OS_Keil.lib(gui_pen.o)
    0x0801cb74   0x00000020   Code   RO         2098    i.GUI_SetTextAlign  STemWin526_CM3_OS_Keil.lib(gui_settextalign.o)
    0x0801cb94   0x00000020   Code   RO         1643    i.GUI_SetTextMode   STemWin526_CM3_OS_Keil.lib(gui_settextmode.o)
    0x0801cbb4   0x00000010   Code   RO         2516    i.GUI_SignalEvent   STemWin526_CM3_OS_Keil.lib(gui_waitevent.o)
    0x0801cbc4   0x00000010   Code   RO         2479    i.GUI_StoreKey      STemWin526_CM3_OS_Keil.lib(gui_onkey.o)
    0x0801cbd4   0x00000026   Code   RO         2758    i.GUI_TIMER_Delete  STemWin526_CM3_OS_Keil.lib(gui_timer.o)
    0x0801cbfa   0x00000032   Code   RO         2760    i.GUI_TIMER_GetFlag  STemWin526_CM3_OS_Keil.lib(gui_timer.o)
    0x0801cc2c   0x00000028   Code   RO         2766    i.GUI_TIMER__GetFirstTimer  STemWin526_CM3_OS_Keil.lib(gui_timer.o)
    0x0801cc54   0x00000036   Code   RO         2768    i.GUI_TIMER__GetNextTimerLin  STemWin526_CM3_OS_Keil.lib(gui_timer.o)
    0x0801cc8a   0x00000002   PAD
    0x0801cc8c   0x000000ac   Code   RO         1649    i.GUI_TOUCH_Calibrate  STemWin526_CM3_OS_Keil.lib(gui_touch_driveranalog.o)
    0x0801cd38   0x00000148   Code   RO         1650    i.GUI_TOUCH_Exec    STemWin526_CM3_OS_Keil.lib(gui_touch_driveranalog.o)
    0x0801ce80   0x0000000c   Code   RO         1655    i.GUI_TOUCH_SetOrientation  STemWin526_CM3_OS_Keil.lib(gui_touch_driveranalog.o)
    0x0801ce8c   0x00000024   Code   RO         2509    i.GUI_TOUCH_StoreState  STemWin526_CM3_OS_Keil.lib(gui_touch_storestate.o)
    0x0801ceb0   0x0000002c   Code   RO         2795    i.GUI_TOUCH_StoreStateEx  STemWin526_CM3_OS_Keil.lib(gui_touch.o)
    0x0801cedc   0x0000002c   Code   RO         2203    i.GUI_TOUCH_StoreUnstable  STemWin526_CM3_OS_Keil.lib(gui_touch_storeunstable.o)
    0x0801cf08   0x0000002c   Code   RO         2211    i.GUI_UC__GetCharCodeInc  STemWin526_CM3_OS_Keil.lib(gui_uc.o)
    0x0801cf34   0x00000028   Code   RO         2213    i.GUI_UC__NumChars2NumBytes  STemWin526_CM3_OS_Keil.lib(gui_uc.o)
    0x0801cf5c   0x00000028   Code   RO         2286    i.GUI_USAGE_AddRect  STemWin526_CM3_OS_Keil.lib(guidev_usage.o)
    0x0801cf84   0x00000074   Code   RO         2869    i.GUI_USAGE_BM_AddHLine  STemWin526_CM3_OS_Keil.lib(guidev_usagebm.o)
    0x0801cff8   0x0000002c   Code   RO         2870    i.GUI_USAGE_BM_AddPixel  STemWin526_CM3_OS_Keil.lib(guidev_usagebm.o)
    0x0801d024   0x0000000e   Code   RO         2871    i.GUI_USAGE_BM_Clear  STemWin526_CM3_OS_Keil.lib(guidev_usagebm.o)
    0x0801d032   0x00000002   PAD
    0x0801d034   0x0000005c   Code   RO         2872    i.GUI_USAGE_BM_Create  STemWin526_CM3_OS_Keil.lib(guidev_usagebm.o)
    0x0801d090   0x0000009a   Code   RO         2873    i.GUI_USAGE_BM_GetNextDirty  STemWin526_CM3_OS_Keil.lib(guidev_usagebm.o)
    0x0801d12a   0x0000002c   Code   RO         2287    i.GUI_USAGE_DecUseCnt  STemWin526_CM3_OS_Keil.lib(guidev_usage.o)
    0x0801d156   0x00000002   PAD
    0x0801d158   0x00000014   Code   RO         2192    i.GUI_Unlock        STemWin526_CM3_OS_Keil.lib(gui_task.o)
    0x0801d16c   0x0000002c   Code   RO         1593    i.GUI_WrapGetNumLines  STemWin526_CM3_OS_Keil.lib(gui_dispstringinrectwrap.o)
    0x0801d198   0x00000016   Code   RO         2643    i.GUI__AllocAlphaBuffer  STemWin526_CM3_OS_Keil.lib(gui__alpha.o)
    0x0801d1ae   0x00000002   PAD
    0x0801d1b0   0x00000024   Code   RO         2688    i.GUI__AlphaSuppressMixing  STemWin526_CM3_OS_Keil.lib(gui_setalpha.o)
    0x0801d1d4   0x00000124   Code   RO         2420    i.GUI__CompactPixelIndices  STemWin526_CM3_OS_Keil.lib(gui__compactpixelindices.o)
    0x0801d2f8   0x00000164   Code   RO         2421    i.GUI__CompactPixelIndicesEx  STemWin526_CM3_OS_Keil.lib(gui__compactpixelindices.o)
    0x0801d45c   0x00000038   Code   RO         1506    i.GUI__Config       STemWin526_CM3_OS_Keil.lib(gui_core.o)
    0x0801d494   0x000000b0   Code   RO         2010    i.GUI__DispLine     STemWin526_CM3_OS_Keil.lib(gui_charline.o)
    0x0801d544   0x000001d0   Code   RO         2644    i.GUI__DoAlphaBlending  STemWin526_CM3_OS_Keil.lib(gui__alpha.o)
    0x0801d714   0x00000142   Code   RO         2940    i.GUI__ExpandPixelIndicesEx  STemWin526_CM3_OS_Keil.lib(gui__expandpixelindices.o)
    0x0801d856   0x00000002   PAD
    0x0801d858   0x0000009c   Code   RO         2645    i.GUI__GetAlphaBuffer  STemWin526_CM3_OS_Keil.lib(gui__alpha.o)
    0x0801d8f4   0x00000054   Code   RO         2011    i.GUI__GetLineDistX  STemWin526_CM3_OS_Keil.lib(gui_charline.o)
    0x0801d948   0x00000038   Code   RO         2012    i.GUI__GetLineNumChars  STemWin526_CM3_OS_Keil.lib(gui_charline.o)
    0x0801d980   0x0000001c   Code   RO         2666    i.GUI__GetOrg       STemWin526_CM3_OS_Keil.lib(gui_getorg.o)
    0x0801d99c   0x00000018   Code   RO         2013    i.GUI__GetOverlap   STemWin526_CM3_OS_Keil.lib(gui_charline.o)
    0x0801d9b4   0x0000003a   Code   RO         2424    i.GUI__IntersectRect  STemWin526_CM3_OS_Keil.lib(gui__intersectrect.o)
    0x0801d9ee   0x00000052   Code   RO         1971    i.GUI__IntersectRects  STemWin526_CM3_OS_Keil.lib(gui__intersectrects.o)
    0x0801da40   0x00000010   Code   RO         2427    i.GUI__ManageCache  STemWin526_CM3_OS_Keil.lib(gui__managecache.o)
    0x0801da50   0x000000c8   Code   RO         2428    i.GUI__ManageCacheEx  STemWin526_CM3_OS_Keil.lib(gui__managecache.o)
    0x0801db18   0x00000060   Code   RO         2646    i.GUI__MixColors    STemWin526_CM3_OS_Keil.lib(gui__alpha.o)
    0x0801db78   0x0000004e   Code   RO         2647    i.GUI__MixColorsBulk  STemWin526_CM3_OS_Keil.lib(gui__alpha.o)
    0x0801dbc6   0x00000002   PAD
    0x0801dbc8   0x00000010   Code   RO         1507    i.GUI__RegisterExit  STemWin526_CM3_OS_Keil.lib(gui_core.o)
    0x0801dbd8   0x00000014   Code   RO         1977    i.GUI__WrapGetNumBytesToNextLine  STemWin526_CM3_OS_Keil.lib(gui__wrap.o)
    0x0801dbec   0x00000006   Code   RO         1978    i.GUI__WrapGetNumCharsDisp  STemWin526_CM3_OS_Keil.lib(gui__wrap.o)
    0x0801dbf2   0x0000005c   Code   RO         1979    i.GUI__WrapGetNumCharsToNextLine  STemWin526_CM3_OS_Keil.lib(gui__wrap.o)
    0x0801dc4e   0x0000004c   Code   RO         1973    i.GUI__memset       STemWin526_CM3_OS_Keil.lib(gui__memset.o)
    0x0801dc9a   0x0000003c   Code   RO         1975    i.GUI__memset16     STemWin526_CM3_OS_Keil.lib(gui__memset16.o)
    0x0801dcd6   0x00000008   Code   RO         1606    i.GUI_cos           STemWin526_CM3_OS_Keil.lib(gui_drawline.o)
    0x0801dcde   0x00000002   PAD
    0x0801dce0   0x00000058   Code   RO         1607    i.GUI_sin           STemWin526_CM3_OS_Keil.lib(gui_drawline.o)
    0x0801dd38   0x00000010   Code   RO         2949    i.LCD_AA_SetAndMask  STemWin526_CM3_OS_Keil.lib(lcd_aa.o)
    0x0801dd48   0x0000001c   Code   RO         2232    i.LCD_Color2Index   STemWin526_CM3_OS_Keil.lib(lcd.o)
    0x0801dd64   0x00000204   Code   RO         2233    i.LCD_DrawBitmap    STemWin526_CM3_OS_Keil.lib(lcd.o)
    0x0801df68   0x00000058   Code   RO         2234    i.LCD_DrawHLine     STemWin526_CM3_OS_Keil.lib(lcd.o)
    0x0801dfc0   0x00000068   Code   RO         2235    i.LCD_DrawPixel     STemWin526_CM3_OS_Keil.lib(lcd.o)
    0x0801e028   0x00000054   Code   RO         2236    i.LCD_DrawVLine     STemWin526_CM3_OS_Keil.lib(lcd.o)
    0x0801e07c   0x00000058   Code   RO         2237    i.LCD_FillRect      STemWin526_CM3_OS_Keil.lib(lcd.o)
    0x0801e0d4   0x00000006   Code   RO         1691    i.LCD_GetBitsPerPixelEx  STemWin526_CM3_OS_Keil.lib(lcd_getex.o)
    0x0801e0da   0x00000002   PAD
    0x0801e0dc   0x00000010   Code   RO         2808    i.LCD_GetBkColorIndex  STemWin526_CM3_OS_Keil.lib(lcd_getcolorindex.o)
    0x0801e0ec   0x00000010   Code   RO         2809    i.LCD_GetColorIndex  STemWin526_CM3_OS_Keil.lib(lcd_getcolorindex.o)
    0x0801e0fc   0x00000010   Code   RO         1698    i.LCD_GetNumColors  STemWin526_CM3_OS_Keil.lib(lcd_getex.o)
    0x0801e10c   0x00000006   Code   RO         1699    i.LCD_GetNumColorsEx  STemWin526_CM3_OS_Keil.lib(lcd_getex.o)
    0x0801e112   0x0000001a   Code   RO         2537    i.LCD_GetNumLayers  STemWin526_CM3_OS_Keil.lib(lcd_getnumdisplays.o)
    0x0801e12c   0x00000010   Code   RO         1700    i.LCD_GetPalette    STemWin526_CM3_OS_Keil.lib(lcd_getex.o)
    0x0801e13c   0x00000018   Code   RO         1701    i.LCD_GetPaletteEx  STemWin526_CM3_OS_Keil.lib(lcd_getex.o)
    0x0801e154   0x0000002c   Code   RO         1766    i.LCD_GetPosEx      STemWin526_CM3_OS_Keil.lib(lcd_set.o)
    0x0801e180   0x00000006   Code   RO         1705    i.LCD_GetVXSizeEx   STemWin526_CM3_OS_Keil.lib(lcd_getex.o)
    0x0801e186   0x00000006   Code   RO         1706    i.LCD_GetVXSizeMax  STemWin526_CM3_OS_Keil.lib(lcd_getex.o)
    0x0801e18c   0x00000006   Code   RO         1708    i.LCD_GetVYSizeEx   STemWin526_CM3_OS_Keil.lib(lcd_getex.o)
    0x0801e192   0x00000002   PAD
    0x0801e194   0x00000010   Code   RO         1712    i.LCD_GetXSize      STemWin526_CM3_OS_Keil.lib(lcd_getex.o)
    0x0801e1a4   0x00000006   Code   RO         1713    i.LCD_GetXSizeEx    STemWin526_CM3_OS_Keil.lib(lcd_getex.o)
    0x0801e1aa   0x00000002   PAD
    0x0801e1ac   0x00000010   Code   RO         1717    i.LCD_GetYSize      STemWin526_CM3_OS_Keil.lib(lcd_getex.o)
    0x0801e1bc   0x00000006   Code   RO         1718    i.LCD_GetYSizeEx    STemWin526_CM3_OS_Keil.lib(lcd_getex.o)
    0x0801e1c2   0x00000004   Code   RO         2271    i.LCD_GetpPalConvTableBM  STemWin526_CM3_OS_Keil.lib(lcd_color.o)
    0x0801e1c6   0x00000002   PAD
    0x0801e1c8   0x00000048   Code   RO         2272    i.LCD_GetpPalConvTableUncached  STemWin526_CM3_OS_Keil.lib(lcd_color.o)
    0x0801e210   0x0000001c   Code   RO         2238    i.LCD_Index2Color   STemWin526_CM3_OS_Keil.lib(lcd.o)
    0x0801e22c   0x00000002   Code   RO         2943    i.LCD_Index2Color_888  STemWin526_CM3_OS_Keil.lib(guicc_888_index2color.o)
    0x0801e22e   0x00000002   Code   RO         2945    i.LCD_Index2Color_8888  STemWin526_CM3_OS_Keil.lib(guicc_8888_index2color.o)
    0x0801e230   0x0000002c   Code   RO         1674    i.LCD_Index2Color_M565  STemWin526_CM3_OS_Keil.lib(guicc_m565.o)
    0x0801e25c   0x00000034   Code   RO         2273    i.LCD_InitColors    STemWin526_CM3_OS_Keil.lib(lcd_color.o)
    0x0801e290   0x00000070   Code   RO         2274    i.LCD_InitLUT       STemWin526_CM3_OS_Keil.lib(lcd_color.o)
    0x0801e300   0x00000198   Code   RO         2967    i.LCD_ReadRectEx    STemWin526_CM3_OS_Keil.lib(lcd_readrect.o)
    0x0801e498   0x00000040   Code   RO         2812    i.LCD_SelectLCD     STemWin526_CM3_OS_Keil.lib(lcd_selectlcd.o)
    0x0801e4d8   0x0000000c   Code   RO         2239    i.LCD_SetBkColor    STemWin526_CM3_OS_Keil.lib(lcd.o)
    0x0801e4e4   0x00000018   Code   RO         2240    i.LCD_SetBkColorIndex  STemWin526_CM3_OS_Keil.lib(lcd.o)
    0x0801e4fc   0x00000030   Code   RO         2539    i.LCD_SetClipRectEx  STemWin526_CM3_OS_Keil.lib(lcd_setcliprectex.o)
    0x0801e52c   0x0000001c   Code   RO         2241    i.LCD_SetClipRectMax  STemWin526_CM3_OS_Keil.lib(lcd.o)
    0x0801e548   0x0000000c   Code   RO         2242    i.LCD_SetColor      STemWin526_CM3_OS_Keil.lib(lcd.o)
    0x0801e554   0x00000018   Code   RO         2243    i.LCD_SetColorIndex  STemWin526_CM3_OS_Keil.lib(lcd.o)
    0x0801e56c   0x0000000c   Code   RO         2244    i.LCD_SetDrawMode   STemWin526_CM3_OS_Keil.lib(lcd.o)
    0x0801e578   0x0000002c   Code   RO         1779    i.LCD_SetLUTEntryEx  STemWin526_CM3_OS_Keil.lib(lcd_set.o)
    0x0801e5a4   0x0000002c   Code   RO         1781    i.LCD_SetPosEx      STemWin526_CM3_OS_Keil.lib(lcd_set.o)
    0x0801e5d0   0x0000002c   Code   RO         1783    i.LCD_SetSizeEx     STemWin526_CM3_OS_Keil.lib(lcd_set.o)
    0x0801e5fc   0x0000002c   Code   RO         1787    i.LCD_SetVSizeEx    STemWin526_CM3_OS_Keil.lib(lcd_set.o)
    0x0801e628   0x00000028   Code   RO         1789    i.LCD_SetVisEx      STemWin526_CM3_OS_Keil.lib(lcd_set.o)
    0x0801e650   0x00000024   Code   RO         2814    i.LCD_UpdateColorIndices  STemWin526_CM3_OS_Keil.lib(lcd_updatecolorindices.o)
    0x0801e674   0x000001b4   Code   RO         2245    i.LCD__DrawBitmap_1bpp  STemWin526_CM3_OS_Keil.lib(lcd.o)
    0x0801e828   0x0000005c   Code   RO         1722    i.LCD__GetBPP       STemWin526_CM3_OS_Keil.lib(lcd_getex.o)
    0x0801e884   0x00000032   Code   RO         1723    i.LCD__GetBPPDevice  STemWin526_CM3_OS_Keil.lib(lcd_getex.o)
    0x0801e8b6   0x00000002   PAD
    0x0801e8b8   0x00000010   Code   RO         2303    i.WM_Activate       STemWin526_CM3_OS_Keil.lib(wm.o)
    0x0801e8c8   0x00000088   Code   RO         2592    i.WM_BringToBottom  STemWin526_CM3_OS_Keil.lib(wm_bringtobottom.o)
    0x0801e950   0x00000150   Code   RO         2305    i.WM_CreateWindowAsChild  STemWin526_CM3_OS_Keil.lib(wm.o)
    0x0801eaa0   0x00000020   Code   RO         2306    i.WM_Deactivate     STemWin526_CM3_OS_Keil.lib(wm.o)
    0x0801eac0   0x00000046   Code   RO         2307    i.WM_DefaultProc    STemWin526_CM3_OS_Keil.lib(wm.o)
    0x0801eb06   0x0000002a   Code   RO         2613    i.WM_DeleteTimer    STemWin526_CM3_OS_Keil.lib(wm_timer.o)
    0x0801eb30   0x000000d0   Code   RO         2308    i.WM_DeleteWindow   STemWin526_CM3_OS_Keil.lib(wm.o)
    0x0801ec00   0x00000090   Code   RO         2309    i.WM_Exec           STemWin526_CM3_OS_Keil.lib(wm.o)
    0x0801ec90   0x00000018   Code   RO         2416    i.WM_GetDesktopWindow  STemWin526_CM3_OS_Keil.lib(wm_getdesktopwindow.o)
    0x0801eca8   0x00000014   Code   RO         2978    i.WM_GetDesktopWindowEx  STemWin526_CM3_OS_Keil.lib(wm_getdesktopwindowex.o)
    0x0801ecbc   0x0000001a   Code   RO         2604    i.WM_GetFirstChild  STemWin526_CM3_OS_Keil.lib(wm_getfirstchild.o)
    0x0801ecd6   0x0000001a   Code   RO         2906    i.WM_GetParent      STemWin526_CM3_OS_Keil.lib(wm_getparent.o)
    0x0801ecf0   0x00000020   Code   RO         2900    i.WM_GetWindowOrgX  STemWin526_CM3_OS_Keil.lib(wm_getorg.o)
    0x0801ed10   0x00000378   Code   RO         2624    i.WM_HandlePID      STemWin526_CM3_OS_Keil.lib(wm_touch.o)
    0x0801f088   0x000000d4   Code   RO         2311    i.WM_Init           STemWin526_CM3_OS_Keil.lib(wm.o)
    0x0801f15c   0x00000080   Code   RO         2312    i.WM_InvalidateRect  STemWin526_CM3_OS_Keil.lib(wm.o)
    0x0801f1dc   0x00000006   Code   RO         2313    i.WM_InvalidateWindow  STemWin526_CM3_OS_Keil.lib(wm.o)
    0x0801f1e2   0x0000005e   Code   RO         2314    i.WM_InvalidateWindowAndDescsEx  STemWin526_CM3_OS_Keil.lib(wm.o)
    0x0801f240   0x00000018   Code   RO         2912    i.WM_IsWindow       STemWin526_CM3_OS_Keil.lib(wm_iswindow.o)
    0x0801f258   0x0000001e   Code   RO         2991    i.WM_MoveWindow     STemWin526_CM3_OS_Keil.lib(wm_move.o)
    0x0801f276   0x00000010   Code   RO         2606    i.WM_NotifyParent   STemWin526_CM3_OS_Keil.lib(wm_notifyparent.o)
    0x0801f286   0x00000002   PAD
    0x0801f288   0x00000040   Code   RO         2914    i.WM_OnKey          STemWin526_CM3_OS_Keil.lib(wm_onkey.o)
    0x0801f2c8   0x00000018   Code   RO         2917    i.WM_PID__SetPrevState  STemWin526_CM3_OS_Keil.lib(wm_pid__getprevstate.o)
    0x0801f2e0   0x00000012   Code   RO         2931    i.WM_ReleaseCapture  STemWin526_CM3_OS_Keil.lib(wm_setcapture.o)
    0x0801f2f2   0x000000f4   Code   RO         2980    i.WM_ResizeWindow   STemWin526_CM3_OS_Keil.lib(wm_resizewindow.o)
    0x0801f3e6   0x0000001e   Code   RO         2921    i.WM_Screen2hWin    STemWin526_CM3_OS_Keil.lib(wm_screen2win.o)
    0x0801f404   0x00000044   Code   RO         2315    i.WM_SelectWindow   STemWin526_CM3_OS_Keil.lib(wm.o)
    0x0801f448   0x0000001a   Code   RO         2608    i.WM_SendMessageNoPara  STemWin526_CM3_OS_Keil.lib(wm_sendmessagenopara.o)
    0x0801f462   0x00000026   Code   RO         2610    i.WM_SendToParent   STemWin526_CM3_OS_Keil.lib(wm_sendtoparent.o)
    0x0801f488   0x00000014   Code   RO         2317    i.WM_SetDefault     STemWin526_CM3_OS_Keil.lib(wm.o)
    0x0801f49c   0x00000048   Code   RO         2937    i.WM_SetSize        STemWin526_CM3_OS_Keil.lib(wm_setsize.o)
    0x0801f4e4   0x00000020   Code   RO         2418    i.WM_SetUserClipRect  STemWin526_CM3_OS_Keil.lib(wm_setusercliprect.o)
    0x0801f504   0x00000048   Code   RO         2318    i.WM__ActivateClipRect  STemWin526_CM3_OS_Keil.lib(wm.o)
    0x0801f54c   0x00000010   Code   RO         2594    i.WM__AddCriticalHandle  STemWin526_CM3_OS_Keil.lib(wm_criticalhandle.o)
    0x0801f55c   0x00000010   Code   RO         2319    i.WM__Client2Screen  STemWin526_CM3_OS_Keil.lib(wm.o)
    0x0801f56c   0x0000004e   Code   RO         2320    i.WM__ClipAtParentBorders  STemWin526_CM3_OS_Keil.lib(wm.o)
    0x0801f5ba   0x00000052   Code   RO         2616    i.WM__DeleteAssocTimer  STemWin526_CM3_OS_Keil.lib(wm_timer.o)
    0x0801f60c   0x00000028   Code   RO         2322    i.WM__DetachWindow  STemWin526_CM3_OS_Keil.lib(wm.o)
    0x0801f634   0x00000020   Code   RO         2600    i.WM__GetClientRectEx  STemWin526_CM3_OS_Keil.lib(wm_getclientrect.o)
    0x0801f654   0x00000018   Code   RO         2323    i.WM__GetClientRectWin  STemWin526_CM3_OS_Keil.lib(wm.o)
    0x0801f66c   0x00000012   Code   RO         2976    i.WM__GetFirstSibling  STemWin526_CM3_OS_Keil.lib(wm__getfirstsibling.o)
    0x0801f67e   0x00000002   PAD
    0x0801f680   0x00000040   Code   RO         2324    i.WM__GetNextIVR    STemWin526_CM3_OS_Keil.lib(wm.o)
    0x0801f6c0   0x00000024   Code   RO         2886    i.WM__GetPrevSibling  STemWin526_CM3_OS_Keil.lib(wm__getprevsibling.o)
    0x0801f6e4   0x00000018   Code   RO         2325    i.WM__GetTopLevelLayer  STemWin526_CM3_OS_Keil.lib(wm.o)
    0x0801f6fc   0x000000f0   Code   RO         2326    i.WM__InitIVRSearch  STemWin526_CM3_OS_Keil.lib(wm.o)
    0x0801f7ec   0x000000a4   Code   RO         2327    i.WM__InsertWindowIntoList  STemWin526_CM3_OS_Keil.lib(wm.o)
    0x0801f890   0x00000006   Code   RO         2328    i.WM__Invalidate1Abs  STemWin526_CM3_OS_Keil.lib(wm.o)
    0x0801f896   0x00000002   PAD
    0x0801f898   0x00000054   Code   RO         2329    i.WM__InvalidateDrawAndDescs  STemWin526_CM3_OS_Keil.lib(wm.o)
    0x0801f8ec   0x0000002a   Code   RO         2330    i.WM__InvalidateParent  STemWin526_CM3_OS_Keil.lib(wm.o)
    0x0801f916   0x00000076   Code   RO         2331    i.WM__InvalidateRect  STemWin526_CM3_OS_Keil.lib(wm.o)
    0x0801f98c   0x00000006   Code   RO         2332    i.WM__InvalidateRectEx  STemWin526_CM3_OS_Keil.lib(wm.o)
    0x0801f992   0x00000002   PAD
    0x0801f994   0x00000022   Code   RO         2888    i.WM__IsAncestor    STemWin526_CM3_OS_Keil.lib(wm__isancestor.o)
    0x0801f9b6   0x00000016   Code   RO         2892    i.WM__IsEnabled     STemWin526_CM3_OS_Keil.lib(wm__isenabled.o)
    0x0801f9cc   0x00000068   Code   RO         2625    i.WM__IsInModalArea  STemWin526_CM3_OS_Keil.lib(wm_touch.o)
    0x0801fa34   0x00000030   Code   RO         2923    i.WM__IsInWindow    STemWin526_CM3_OS_Keil.lib(wm_screen2win.o)
    0x0801fa64   0x00000024   Code   RO         2333    i.WM__IsWindow      STemWin526_CM3_OS_Keil.lib(wm.o)
    0x0801fa88   0x0000009a   Code   RO         2993    i.WM__MoveWindow    STemWin526_CM3_OS_Keil.lib(wm_move.o)
    0x0801fb22   0x00000002   PAD
    0x0801fb24   0x000000a0   Code   RO         2334    i.WM__Paint         STemWin526_CM3_OS_Keil.lib(wm.o)
    0x0801fbc4   0x0000008c   Code   RO         2335    i.WM__Paint1        STemWin526_CM3_OS_Keil.lib(wm.o)
    0x0801fc50   0x00000078   Code   RO         2336    i.WM__PaintWinAndOverlays  STemWin526_CM3_OS_Keil.lib(wm.o)
    0x0801fcc8   0x00000020   Code   RO         2337    i.WM__RectIsNZ      STemWin526_CM3_OS_Keil.lib(wm.o)
    0x0801fce8   0x0000002c   Code   RO         2933    i.WM__ReleaseCapture  STemWin526_CM3_OS_Keil.lib(wm_setcapture.o)
    0x0801fd14   0x0000002c   Code   RO         2595    i.WM__RemoveCriticalHandle  STemWin526_CM3_OS_Keil.lib(wm_criticalhandle.o)
    0x0801fd40   0x00000030   Code   RO         2338    i.WM__RemoveFromLinList  STemWin526_CM3_OS_Keil.lib(wm.o)
    0x0801fd70   0x00000040   Code   RO         2339    i.WM__RemoveWindowFromList  STemWin526_CM3_OS_Keil.lib(wm.o)
    0x0801fdb0   0x00000014   Code   RO         2340    i.WM__SelectTopLevelLayer  STemWin526_CM3_OS_Keil.lib(wm.o)
    0x0801fdc4   0x0000003c   Code   RO         2589    i.WM__SendMessage   STemWin526_CM3_OS_Keil.lib(wm__sendmessage.o)
    0x0801fe00   0x0000001c   Code   RO         2894    i.WM__SendMessageIfEnabled  STemWin526_CM3_OS_Keil.lib(wm__sendmessageifenabled.o)
    0x0801fe1c   0x00000026   Code   RO         2896    i.WM__SendMessageNoPara  STemWin526_CM3_OS_Keil.lib(wm__sendmessagenopara.o)
    0x0801fe42   0x0000000e   Code   RO         2341    i.WM__SendMsgNoData  STemWin526_CM3_OS_Keil.lib(wm.o)
    0x0801fe50   0x0000003e   Code   RO         2626    i.WM__SendPIDMessage  STemWin526_CM3_OS_Keil.lib(wm_touch.o)
    0x0801fe8e   0x00000036   Code   RO         2627    i.WM__SendTouchMessage  STemWin526_CM3_OS_Keil.lib(wm_touch.o)
    0x0801fec4   0x000000dc   Code   RO         2984    i.WM__UpdateChildPositions  STemWin526_CM3_OS_Keil.lib(wm__updatechildpositions.o)
    0x0801ffa0   0x00000038   Code   RO         2059    i._Add              STemWin526_CM3_OS_Keil.lib(gui_fillpolygon.o)
    0x0801ffd8   0x00000078   Code   RO         1452    i._AddFreeMemory    STemWin526_CM3_OS_Keil.lib(gui_alloc.o)
    0x08020050   0x000000bc   Code   RO         1453    i._Alloc            STemWin526_CM3_OS_Keil.lib(gui_alloc.o)
    0x0802010c   0x00000004   Code   RO         2222    i._CalcSizeOfChar   STemWin526_CM3_OS_Keil.lib(gui_uc_encodenone.o)
    0x08020110   0x00000014   Code   RO         2113    i._ClipRectEx       STemWin526_CM3_OS_Keil.lib(gui_sprite.o)
    0x08020124   0x00000048   Code   RO         1675    i._Color2IndexBulk  STemWin526_CM3_OS_Keil.lib(guicc_m565.o)
    0x0802016c   0x0000000e   Code   RO         2799    i._Color2IndexBulk  STemWin526_CM3_OS_Keil.lib(guicc_8888.o)
    0x0802017a   0x00000002   PAD
    0x0802017c   0x00000054   Code   RO         2528    i._Color2Index_0    STemWin526_CM3_OS_Keil.lib(guicc_0.o)
    0x080201d0   0x00000002   Code   RO         2800    i._Color2Index_8888  STemWin526_CM3_OS_Keil.lib(guicc_8888.o)
    0x080201d2   0x00000002   PAD
    0x080201d4   0x00000028   Code   RO         1676    i._Color2Index_M565  STemWin526_CM3_OS_Keil.lib(guicc_m565.o)
    0x080201fc   0x0000003e   Code   RO         2293    i._Convert16        STemWin526_CM3_OS_Keil.lib(guidev_writetoactiveopaque.o)
    0x0802023a   0x0000003e   Code   RO         2294    i._Convert8         STemWin526_CM3_OS_Keil.lib(guidev_writetoactiveopaque.o)
    0x08020278   0x0000009a   Code   RO         2114    i._CreateBuffer     STemWin526_CM3_OS_Keil.lib(gui_sprite.o)
    0x08020312   0x00000002   PAD
    0x08020314   0x00000148   Code   RO         2577    i._CreateStaticDevice  STemWin526_CM3_OS_Keil.lib(guidev_staticdevices.o)
    0x0802045c   0x00000014   Code   RO         2674    i._DecPointer       STemWin526_CM3_OS_Keil.lib(gui_pid.o)
    0x08020470   0x00000012   Code   RO         2342    i._DeleteAllChildren  STemWin526_CM3_OS_Keil.lib(wm.o)
    0x08020482   0x00000002   PAD
    0x08020484   0x00000020   Code   RO         2343    i._DesktopHandle2Index  STemWin526_CM3_OS_Keil.lib(wm.o)
    0x080204a4   0x00000074   Code   RO         2014    i._DispLine         STemWin526_CM3_OS_Keil.lib(gui_charline.o)
    0x08020518   0x00000084   Code   RO         2115    i._DoColorConversion  STemWin526_CM3_OS_Keil.lib(gui_sprite.o)
    0x0802059c   0x00000148   Code   RO         1932    i._DrawBitLine1BPP  STemWin526_CM3_OS_Keil.lib(guidev_16.o)
    0x080206e4   0x0000011c   Code   RO         2816    i._DrawBitLine1BPP  STemWin526_CM3_OS_Keil.lib(guidev_32.o)
    0x08020800   0x000000e0   Code   RO         1933    i._DrawBitLine2BPP  STemWin526_CM3_OS_Keil.lib(guidev_16.o)
    0x080208e0   0x000000e0   Code   RO         2817    i._DrawBitLine2BPP  STemWin526_CM3_OS_Keil.lib(guidev_32.o)
    0x080209c0   0x00000094   Code   RO         2818    i._DrawBitLine32BPP_DDB  STemWin526_CM3_OS_Keil.lib(guidev_32.o)
    0x08020a54   0x00000160   Code   RO         1934    i._DrawBitLine4BPP  STemWin526_CM3_OS_Keil.lib(guidev_16.o)
    0x08020bb4   0x00000158   Code   RO         2819    i._DrawBitLine4BPP  STemWin526_CM3_OS_Keil.lib(guidev_32.o)
    0x08020d0c   0x000002d8   Code   RO         1935    i._DrawBitmap       STemWin526_CM3_OS_Keil.lib(guidev_16.o)
    0x08020fe4   0x00000268   Code   RO         2116    i._DrawBitmap       STemWin526_CM3_OS_Keil.lib(gui_sprite.o)
    0x0802124c   0x000002a4   Code   RO         2820    i._DrawBitmap       STemWin526_CM3_OS_Keil.lib(guidev_32.o)
    0x080214f0   0x0000000a   Code   RO         1936    i._DrawHLine        STemWin526_CM3_OS_Keil.lib(guidev_16.o)
    0x080214fa   0x00000002   PAD
    0x080214fc   0x00000114   Code   RO         2117    i._DrawHLine        STemWin526_CM3_OS_Keil.lib(gui_sprite.o)
    0x08021610   0x0000000a   Code   RO         2821    i._DrawHLine        STemWin526_CM3_OS_Keil.lib(guidev_32.o)
    0x0802161a   0x00000002   PAD
    0x0802161c   0x00000014   Code   RO         1608    i._DrawLineEnd      STemWin526_CM3_OS_Keil.lib(gui_drawline.o)
    0x08021630   0x0000005c   Code   RO         2344    i._DrawNext         STemWin526_CM3_OS_Keil.lib(wm.o)
    0x0802168c   0x000000b8   Code   RO         1937    i._DrawVLine        STemWin526_CM3_OS_Keil.lib(guidev_16.o)
    0x08021744   0x00000110   Code   RO         2118    i._DrawVLine        STemWin526_CM3_OS_Keil.lib(gui_sprite.o)
    0x08021854   0x000000ac   Code   RO         2822    i._DrawVLine        STemWin526_CM3_OS_Keil.lib(guidev_32.o)
    0x08021900   0x00000006   Code   RO         2223    i._Encode           STemWin526_CM3_OS_Keil.lib(gui_uc_encodenone.o)
    0x08021906   0x00000002   PAD
    0x08021908   0x00000098   Code   RO         1454    i._EnlargeBlocks    STemWin526_CM3_OS_Keil.lib(gui_alloc.o)
    0x080219a0   0x00000078   Code   RO         2345    i._Exec1Input       STemWin526_CM3_OS_Keil.lib(wm.o)
    0x08021a18   0x000000ac   Code   RO         1938    i._FillRect         STemWin526_CM3_OS_Keil.lib(guidev_16.o)
    0x08021ac4   0x00000134   Code   RO         2119    i._FillRect         STemWin526_CM3_OS_Keil.lib(gui_sprite.o)
    0x08021bf8   0x000000a4   Code   RO         2823    i._FillRect         STemWin526_CM3_OS_Keil.lib(guidev_32.o)
    0x08021c9c   0x00000148   Code   RO         2346    i._FindNext_IVR     STemWin526_CM3_OS_Keil.lib(wm.o)
    0x08021de4   0x0000007c   Code   RO         2347    i._Findx0           STemWin526_CM3_OS_Keil.lib(wm.o)
    0x08021e60   0x00000072   Code   RO         2348    i._Findx1           STemWin526_CM3_OS_Keil.lib(wm.o)
    0x08021ed2   0x000000a6   Code   RO         2349    i._Findy1           STemWin526_CM3_OS_Keil.lib(wm.o)
    0x08021f78   0x00000074   Code   RO         2120    i._FlushBuffer      STemWin526_CM3_OS_Keil.lib(gui_sprite.o)
    0x08021fec   0x00000004   Code   RO         2874    i._GUI_USAGE_BM_Delete  STemWin526_CM3_OS_Keil.lib(guidev_usagebm.o)
    0x08021ff0   0x0000006c   Code   RO         2121    i._GetBkPixel       STemWin526_CM3_OS_Keil.lib(gui_sprite.o)
    0x0802205c   0x00000004   Code   RO         2224    i._GetCharCode      STemWin526_CM3_OS_Keil.lib(gui_uc_encodenone.o)
    0x08022060   0x00000004   Code   RO         2225    i._GetCharSize      STemWin526_CM3_OS_Keil.lib(gui_uc_encodenone.o)
    0x08022064   0x0000002e   Code   RO         1980    i._GetCharWrap      STemWin526_CM3_OS_Keil.lib(gui__wrap.o)
    0x08022092   0x00000140   Code   RO         2122    i._GetClipParam     STemWin526_CM3_OS_Keil.lib(gui_sprite.o)
    0x080221d2   0x00000002   PAD
    0x080221d4   0x000000d4   Code   RO         2123    i._GetClipRect      STemWin526_CM3_OS_Keil.lib(gui_sprite.o)
    0x080222a8   0x00000010   Code   RO         1939    i._GetDevData       STemWin526_CM3_OS_Keil.lib(guidev_16.o)
    0x080222b8   0x00000004   Code   RO         2124    i._GetDevData       STemWin526_CM3_OS_Keil.lib(gui_sprite.o)
    0x080222bc   0x00000010   Code   RO         2824    i._GetDevData       STemWin526_CM3_OS_Keil.lib(guidev_32.o)
    0x080222cc   0x00000010   Code   RO         1940    i._GetDevFunc       STemWin526_CM3_OS_Keil.lib(guidev_16.o)
    0x080222dc   0x00000012   Code   RO         2125    i._GetDevFunc       STemWin526_CM3_OS_Keil.lib(gui_sprite.o)
    0x080222ee   0x00000002   PAD
    0x080222f0   0x00000010   Code   RO         2825    i._GetDevFunc       STemWin526_CM3_OS_Keil.lib(guidev_32.o)
    0x08022300   0x0000001e   Code   RO         1724    i._GetDevProp       STemWin526_CM3_OS_Keil.lib(lcd_getex.o)
    0x0802231e   0x00000008   Code   RO         1941    i._GetDevProp       STemWin526_CM3_OS_Keil.lib(guidev_16.o)
    0x08022326   0x0000000e   Code   RO         2126    i._GetDevProp       STemWin526_CM3_OS_Keil.lib(gui_sprite.o)
    0x08022334   0x0000000c   Code   RO         2826    i._GetDevProp       STemWin526_CM3_OS_Keil.lib(guidev_32.o)
    0x08022340   0x00000040   Code   RO         2127    i._GetDeviceRect    STemWin526_CM3_OS_Keil.lib(gui_sprite.o)
    0x08022380   0x00000052   Code   RO         2529    i._GetIndexMask_0   STemWin526_CM3_OS_Keil.lib(guicc_0.o)
    0x080223d2   0x00000006   Code   RO         2801    i._GetIndexMask_8888  STemWin526_CM3_OS_Keil.lib(guicc_8888.o)
    0x080223d8   0x00000006   Code   RO         1677    i._GetIndexMask_M565  STemWin526_CM3_OS_Keil.lib(guicc_m565.o)
    0x080223de   0x0000001e   Code   RO         1725    i._GetMaxValue      STemWin526_CM3_OS_Keil.lib(lcd_getex.o)
    0x080223fc   0x0000001c   Code   RO         1455    i._GetMinIndex      STemWin526_CM3_OS_Keil.lib(gui_alloc.o)
    0x08022418   0x0000000e   Code   RO         1942    i._GetPixelIndex    STemWin526_CM3_OS_Keil.lib(guidev_16.o)
    0x08022426   0x0000005e   Code   RO         2128    i._GetPixelIndex    STemWin526_CM3_OS_Keil.lib(gui_sprite.o)
    0x08022484   0x0000000e   Code   RO         2827    i._GetPixelIndex    STemWin526_CM3_OS_Keil.lib(guidev_32.o)
    0x08022492   0x00000030   Code   RO         1943    i._GetRect          STemWin526_CM3_OS_Keil.lib(guidev_16.o)
    0x080224c2   0x0000000e   Code   RO         2129    i._GetRect          STemWin526_CM3_OS_Keil.lib(gui_sprite.o)
    0x080224d0   0x00000030   Code   RO         2828    i._GetRect          STemWin526_CM3_OS_Keil.lib(guidev_32.o)
    0x08022500   0x00000064   Code   RO         1981    i._GetWordWrap      STemWin526_CM3_OS_Keil.lib(gui__wrap.o)
    0x08022564   0x00000010   Code   RO         2070    i._GotoX            STemWin526_CM3_OS_Keil.lib(gui_goto.o)
    0x08022574   0x00000010   Code   RO         2071    i._GotoY            STemWin526_CM3_OS_Keil.lib(gui_goto.o)
    0x08022584   0x0000001c   Code   RO         2481    i._IncPointer       STemWin526_CM3_OS_Keil.lib(gui_onkey.o)
    0x080225a0   0x00000014   Code   RO         2675    i._IncPointer       STemWin526_CM3_OS_Keil.lib(gui_pid.o)
    0x080225b4   0x00000006   Code   RO         2482    i._IncReadPointer   STemWin526_CM3_OS_Keil.lib(gui_onkey.o)
    0x080225ba   0x00000002   PAD
    0x080225bc   0x00000058   Code   RO         1678    i._Index2ColorBulk  STemWin526_CM3_OS_Keil.lib(guicc_m565.o)
    0x08022614   0x0000000e   Code   RO         2802    i._Index2ColorBulk  STemWin526_CM3_OS_Keil.lib(guicc_8888.o)
    0x08022622   0x00000020   Code   RO         2530    i._Index2Color_0    STemWin526_CM3_OS_Keil.lib(guicc_0.o)
    0x08022642   0x00000002   PAD
    0x08022644   0x00000070   Code   RO         1508    i._InitContext      STemWin526_CM3_OS_Keil.lib(gui_core.o)
    0x080226b4   0x000000a8   Code   RO         1456    i._InitOnce         STemWin526_CM3_OS_Keil.lib(gui_alloc.o)
    0x0802275c   0x00000080   Code   RO         2350    i._Invalidate1Abs   STemWin526_CM3_OS_Keil.lib(wm.o)
    0x080227dc   0x00000016   Code   RO         2130    i._Link             STemWin526_CM3_OS_Keil.lib(gui_sprite.o)
    0x080227f2   0x00000014   Code   RO         1657    i._Log2Phys         STemWin526_CM3_OS_Keil.lib(gui_touch_driveranalog.o)
    0x08022806   0x00000002   Code   RO         2015    i._Log2VisBuffered  STemWin526_CM3_OS_Keil.lib(gui_charline.o)
    0x08022808   0x00000008   Code   RO         2563    i._Min              STemWin526_CM3_OS_Keil.lib(guidev_banding.o)
    0x08022810   0x0000006e   Code   RO         2994    i._MoveDescendents  STemWin526_CM3_OS_Keil.lib(wm_move.o)
    0x0802287e   0x00000002   PAD
    0x08022880   0x00000034   Code   RO         1457    i._OnExit           STemWin526_CM3_OS_Keil.lib(gui_alloc.o)
    0x080228b4   0x0000002c   Code   RO         1509    i._OnExit           STemWin526_CM3_OS_Keil.lib(gui_core.o)
    0x080228e0   0x00000018   Code   RO         1547    i._OnExit           STemWin526_CM3_OS_Keil.lib(gui_curs1.o)
    0x080228f8   0x00000014   Code   RO         2193    i._OnExit           STemWin526_CM3_OS_Keil.lib(gui_task.o)
    0x0802290c   0x00000014   Code   RO         2276    i._OnExit           STemWin526_CM3_OS_Keil.lib(lcd_color.o)
    0x08022920   0x00000034   Code   RO         2351    i._OnExit           STemWin526_CM3_OS_Keil.lib(wm.o)
    0x08022954   0x00000028   Code   RO         2649    i._OnExit           STemWin526_CM3_OS_Keil.lib(gui__alpha.o)
    0x0802297c   0x00000024   Code   RO         2352    i._Paint1           STemWin526_CM3_OS_Keil.lib(wm.o)
    0x080229a0   0x0000008c   Code   RO         2353    i._Paint1Trans      STemWin526_CM3_OS_Keil.lib(wm.o)
    0x08022a2c   0x0000009a   Code   RO         2354    i._PaintTransChildren  STemWin526_CM3_OS_Keil.lib(wm.o)
    0x08022ac6   0x0000003a   Code   RO         2131    i._PixelExists      STemWin526_CM3_OS_Keil.lib(gui_sprite.o)
    0x08022b00   0x00000040   Code   RO         1458    i._PopFreeBlock     STemWin526_CM3_OS_Keil.lib(gui_alloc.o)
    0x08022b40   0x00000028   Code   RO         1459    i._PushFreeBlock    STemWin526_CM3_OS_Keil.lib(gui_alloc.o)
    0x08022b68   0x0000001c   Code   RO         2132    i._ReleaseBuffer    STemWin526_CM3_OS_Keil.lib(gui_sprite.o)
    0x08022b84   0x00000034   Code   RO         1460    i._RemoveFreeBlock  STemWin526_CM3_OS_Keil.lib(gui_alloc.o)
    0x08022bb8   0x0000005c   Code   RO         2773    i._RemoveFromLinList  STemWin526_CM3_OS_Keil.lib(gui_timer.o)
    0x08022c14   0x000000a0   Code   RO         1461    i._RemoveHoles      STemWin526_CM3_OS_Keil.lib(gui_alloc.o)
    0x08022cb4   0x0000005a   Code   RO         2924    i._Screen2hWin      STemWin526_CM3_OS_Keil.lib(wm_screen2win.o)
    0x08022d0e   0x00000002   PAD
    0x08022d10   0x00000024   Code   RO         2925    i._Screen2hWinStop  STemWin526_CM3_OS_Keil.lib(wm_screen2win.o)
    0x08022d34   0x00000020   Code   RO         2246    i._SetBkColor       STemWin526_CM3_OS_Keil.lib(lcd.o)
    0x08022d54   0x0000004c   Code   RO         2355    i._SetClipRectUserIntersect  STemWin526_CM3_OS_Keil.lib(wm.o)
    0x08022da0   0x00000020   Code   RO         2247    i._SetColor         STemWin526_CM3_OS_Keil.lib(lcd.o)
    0x08022dc0   0x0000002c   Code   RO         2248    i._SetDrawMode      STemWin526_CM3_OS_Keil.lib(lcd.o)
    0x08022dec   0x00000078   Code   RO         1609    i._SetLineColor     STemWin526_CM3_OS_Keil.lib(gui_drawline.o)
    0x08022e64   0x00000034   Code   RO         1658    i._SetMinMax        STemWin526_CM3_OS_Keil.lib(gui_touch_driveranalog.o)
    0x08022e98   0x00000008   Code   RO         1944    i._SetOrg           STemWin526_CM3_OS_Keil.lib(guidev_16.o)
    0x08022ea0   0x0000000e   Code   RO         2135    i._SetOrg           STemWin526_CM3_OS_Keil.lib(gui_sprite.o)
    0x08022eae   0x00000008   Code   RO         2829    i._SetOrg           STemWin526_CM3_OS_Keil.lib(guidev_32.o)
    0x08022eb6   0x00000002   PAD
    0x08022eb8   0x00000048   Code   RO         1945    i._SetPixelIndex    STemWin526_CM3_OS_Keil.lib(guidev_16.o)
    0x08022f00   0x00000062   Code   RO         2136    i._SetPixelIndex    STemWin526_CM3_OS_Keil.lib(gui_sprite.o)
    0x08022f62   0x00000002   PAD
    0x08022f64   0x00000048   Code   RO         2830    i._SetPixelIndex    STemWin526_CM3_OS_Keil.lib(guidev_32.o)
    0x08022fac   0x0000029c   Code   RO         2137    i._SetPosition      STemWin526_CM3_OS_Keil.lib(gui_sprite.o)
    0x08023248   0x0000004a   Code   RO         2138    i._SetSpriteBkPixel  STemWin526_CM3_OS_Keil.lib(gui_sprite.o)
    0x08023292   0x00000002   PAD
    0x08023294   0x00000038   Code   RO         1548    i._Show             STemWin526_CM3_OS_Keil.lib(gui_curs1.o)
    0x080232cc   0x00000108   Code   RO         2139    i._SpriteDraw       STemWin526_CM3_OS_Keil.lib(gui_sprite.o)
    0x080233d4   0x00000058   Code   RO         2676    i._StoreState       STemWin526_CM3_OS_Keil.lib(gui_pid.o)
    0x0802342c   0x00000030   Code   RO         1659    i._StoreUnstable    STemWin526_CM3_OS_Keil.lib(gui_touch_driveranalog.o)
    0x0802345c   0x000000ea   Code   RO         1462    i._TestRAM          STemWin526_CM3_OS_Keil.lib(gui_alloc.o)
    0x08023546   0x00000002   PAD
    0x08023548   0x000000d8   Code   RO         2140    i._Undraw           STemWin526_CM3_OS_Keil.lib(gui_sprite.o)
    0x08023620   0x00000016   Code   RO         2141    i._Unlink           STemWin526_CM3_OS_Keil.lib(gui_sprite.o)
    0x08023636   0x00000002   PAD
    0x08023638   0x00000050   Code   RO         2774    i._Unlink           STemWin526_CM3_OS_Keil.lib(gui_timer.o)
    0x08023688   0x00000030   Code   RO         1576    i._UnlinkDevice     STemWin526_CM3_OS_Keil.lib(gui_device.o)
    0x080236b8   0x00000028   Code   RO         1982    i._WrapGetNumCharsDisp  STemWin526_CM3_OS_Keil.lib(gui__wrap.o)
    0x080236e0   0x0000000e   Code   RO         1463    i._WriteTagData     STemWin526_CM3_OS_Keil.lib(gui_alloc.o)
    0x080236ee   0x00000002   PAD
    0x080236f0   0x00000340   Code   RO         2295    i._WriteToActiveOpaque_8  STemWin526_CM3_OS_Keil.lib(guidev_writetoactiveopaque.o)
    0x08023a30   0x00000354   Code   RO         2296    i._WriteToActiveOpaque_HT  STemWin526_CM3_OS_Keil.lib(guidev_writetoactiveopaque.o)
    0x08023d84   0x0000003c   Code   RO         1946    i._XY2PTR           STemWin526_CM3_OS_Keil.lib(guidev_16.o)
    0x08023dc0   0x0000003c   Code   RO         2831    i._XY2PTR           STemWin526_CM3_OS_Keil.lib(guidev_32.o)
    0x08023dfc   0x00000054   Code   RO         1947    i._XorPixel         STemWin526_CM3_OS_Keil.lib(guidev_16.o)
    0x08023e50   0x00000066   Code   RO         2142    i._XorPixel         STemWin526_CM3_OS_Keil.lib(gui_sprite.o)
    0x08023eb6   0x00000002   PAD
    0x08023eb8   0x00000058   Code   RO         2832    i._XorPixel         STemWin526_CM3_OS_Keil.lib(guidev_32.o)
    0x08023f10   0x00000084   Code   RO         1610    i._atan2            STemWin526_CM3_OS_Keil.lib(gui_drawline.o)
    0x08023f94   0x00000044   Code   RO         2356    i._cbPaintMemDev    STemWin526_CM3_OS_Keil.lib(wm.o)
    0x08023fd8   0x00000050   Code   RO         2357    i.cbBackWin         STemWin526_CM3_OS_Keil.lib(wm.o)
    0x08024028   0x0000008a   Code   RO         2249    i.emWin_LCD_Init    STemWin526_CM3_OS_Keil.lib(lcd.o)
    0x080240b2   0x0000004c   Code   RO         3137    i.sqrt              m_ws.l(sqrt.o)
    0x080240fe   0x00000002   PAD
    0x08024100   0x00000150   Code   RO         3084    x$fpl$dadd          fz_ws.l(daddsub_clz.o)
    0x08024250   0x00000018   Code   RO         3162    x$fpl$dcmpinf       fz_ws.l(dcmpi.o)
    0x08024268   0x0000005a   Code   RO         3090    x$fpl$dfixu         fz_ws.l(dfixu.o)
    0x080242c2   0x0000002e   Code   RO         3095    x$fpl$dflt          fz_ws.l(dflt_clz.o)
    0x080242f0   0x00000026   Code   RO         3094    x$fpl$dfltu         fz_ws.l(dflt_clz.o)
    0x08024316   0x00000002   PAD
    0x08024318   0x00000078   Code   RO         3100    x$fpl$dleqf         fz_ws.l(dleqf.o)
    0x08024390   0x00000154   Code   RO         3102    x$fpl$dmul          fz_ws.l(dmul.o)
    0x080244e4   0x0000009c   Code   RO         3164    x$fpl$dnaninf       fz_ws.l(dnaninf.o)
    0x08024580   0x0000000c   Code   RO         3166    x$fpl$dretinf       fz_ws.l(dretinf.o)
    0x0802458c   0x0000006c   Code   RO         3104    x$fpl$drleqf        fz_ws.l(drleqf.o)
    0x080245f8   0x00000016   Code   RO         3085    x$fpl$drsb          fz_ws.l(daddsub_clz.o)
    0x0802460e   0x00000002   PAD
    0x08024610   0x000001cc   Code   RO         3168    x$fpl$dsqrt         fz_ws.l(dsqrt_noumaal.o)
    0x080247dc   0x000001d4   Code   RO         3086    x$fpl$dsub          fz_ws.l(daddsub_clz.o)
    0x080249b0   0x00000056   Code   RO         3106    x$fpl$f2d           fz_ws.l(f2d.o)
    0x08024a06   0x00000002   PAD
    0x08024a08   0x000000c4   Code   RO         3108    x$fpl$fadd          fz_ws.l(faddsub_clz.o)
    0x08024acc   0x00000184   Code   RO         3115    x$fpl$fdiv          fz_ws.l(fdiv.o)
    0x08024c50   0x00000036   Code   RO         3120    x$fpl$ffix          fz_ws.l(ffix.o)
    0x08024c86   0x00000002   PAD
    0x08024c88   0x0000003e   Code   RO         3124    x$fpl$ffixu         fz_ws.l(ffixu.o)
    0x08024cc6   0x00000002   PAD
    0x08024cc8   0x00000030   Code   RO         3129    x$fpl$fflt          fz_ws.l(fflt_clz.o)
    0x08024cf8   0x00000026   Code   RO         3128    x$fpl$ffltu         fz_ws.l(fflt_clz.o)
    0x08024d1e   0x00000002   PAD
    0x08024d20   0x00000102   Code   RO         3134    x$fpl$fmul          fz_ws.l(fmul.o)
    0x08024e22   0x0000008c   Code   RO         3172    x$fpl$fnaninf       fz_ws.l(fnaninf.o)
    0x08024eae   0x0000000a   Code   RO         3174    x$fpl$fretinf       fz_ws.l(fretinf.o)
    0x08024eb8   0x000000ea   Code   RO         3110    x$fpl$fsub          fz_ws.l(faddsub_clz.o)
    0x08024fa2   0x00000000   Code   RO         3176    x$fpl$usenofp       fz_ws.l(usenofp.o)
    0x08024fa2   0x000017c0   Data   RO          314    .constdata          ili93xx.o
    0x08026762   0x0000000a   Data   RO          410    .constdata          ft5206.o
    0x0802676c   0x000000c2   Data   RO          429    .constdata          gt9147.o
    0x0802682e   0x0000000a   Data   RO          448    .constdata          ott2001a.o
    0x08026838   0x00000004   Data   RO          464    .constdata          touch.o
    0x0802683c   0x00000018   Data   RO          631    .constdata          malloc.o
    0x08026854   0x00000094   Data   RO          842    .constdata          lib_str.o
    0x080268e8   0x000000a4   Data   RO          863    .constdata          os_cfg_app.o
    0x0802698c   0x0000016c   Data   RO          897    .constdata          os_dbg.o
    0x08026af8   0x00000034   Data   RO         1161    .constdata          guidrv_template.o
    0x08026b2c   0x00000104   Data   RO         1250    .constdata          cpu_core.o
    0x08026c30   0x0000003a   Data   RO         1290    .constdata          ff.o
    0x08026c6a   0x00000002   PAD
    0x08026c6c   0x00000138   Data   RO         1334    .constdata          exfuns.o
    0x08026da4   0x000003c0   Data   RO         1380    .constdata          mycc936.o
    0x08027164   0x00000008   Data   RO         1418    .constdata          textdisplay.o
    0x0802716c   0x00000008   Data   RO         1511    .constdata          STemWin526_CM3_OS_Keil.lib(gui_core.o)
    0x08027174   0x00000008   Data   RO         1577    .constdata          STemWin526_CM3_OS_Keil.lib(gui_device.o)
    0x0802717c   0x00000044   Data   RO         1611    .constdata          STemWin526_CM3_OS_Keil.lib(gui_drawline.o)
    0x080271c0   0x00000018   Data   RO         1679    .constdata          STemWin526_CM3_OS_Keil.lib(guicc_m565.o)
    0x080271d8   0x00000518   Data   RO         1815    .constdata          STemWin526_CM3_OS_Keil.lib(f6x8.o)
    0x080276f0   0x000001c0   Data   RO         1816    .constdata          STemWin526_CM3_OS_Keil.lib(f6x8.o)
    0x080278b0   0x00000008   Data   RO         1817    .constdata          STemWin526_CM3_OS_Keil.lib(f6x8.o)
    0x080278b8   0x00000014   Data   RO         1818    .constdata          STemWin526_CM3_OS_Keil.lib(f6x8.o)
    0x080278cc   0x00000024   Data   RO         1819    .constdata          STemWin526_CM3_OS_Keil.lib(f6x8.o)
    0x080278f0   0x00000a30   Data   RO         1821    .constdata          STemWin526_CM3_OS_Keil.lib(f8x16.o)
    0x08028320   0x000001c0   Data   RO         1822    .constdata          STemWin526_CM3_OS_Keil.lib(f8x16.o)
    0x080284e0   0x00000008   Data   RO         1823    .constdata          STemWin526_CM3_OS_Keil.lib(f8x16.o)
    0x080284e8   0x00000014   Data   RO         1824    .constdata          STemWin526_CM3_OS_Keil.lib(f8x16.o)
    0x080284fc   0x00000024   Data   RO         1825    .constdata          STemWin526_CM3_OS_Keil.lib(f8x16.o)
    0x08028520   0x00000018   Data   RO         1833    .constdata          STemWin526_CM3_OS_Keil.lib(f24_ascii.o)
    0x08028538   0x00000018   Data   RO         1834    .constdata          STemWin526_CM3_OS_Keil.lib(f24_ascii.o)
    0x08028550   0x00000018   Data   RO         1835    .constdata          STemWin526_CM3_OS_Keil.lib(f24_ascii.o)
    0x08028568   0x00000030   Data   RO         1836    .constdata          STemWin526_CM3_OS_Keil.lib(f24_ascii.o)
    0x08028598   0x00000030   Data   RO         1837    .constdata          STemWin526_CM3_OS_Keil.lib(f24_ascii.o)
    0x080285c8   0x00000048   Data   RO         1838    .constdata          STemWin526_CM3_OS_Keil.lib(f24_ascii.o)
    0x08028610   0x00000030   Data   RO         1839    .constdata          STemWin526_CM3_OS_Keil.lib(f24_ascii.o)
    0x08028640   0x00000018   Data   RO         1840    .constdata          STemWin526_CM3_OS_Keil.lib(f24_ascii.o)
    0x08028658   0x00000018   Data   RO         1841    .constdata          STemWin526_CM3_OS_Keil.lib(f24_ascii.o)
    0x08028670   0x00000018   Data   RO         1842    .constdata          STemWin526_CM3_OS_Keil.lib(f24_ascii.o)
    0x08028688   0x00000018   Data   RO         1843    .constdata          STemWin526_CM3_OS_Keil.lib(f24_ascii.o)
    0x080286a0   0x00000030   Data   RO         1844    .constdata          STemWin526_CM3_OS_Keil.lib(f24_ascii.o)
    0x080286d0   0x00000018   Data   RO         1845    .constdata          STemWin526_CM3_OS_Keil.lib(f24_ascii.o)
    0x080286e8   0x00000018   Data   RO         1846    .constdata          STemWin526_CM3_OS_Keil.lib(f24_ascii.o)
    0x08028700   0x00000018   Data   RO         1847    .constdata          STemWin526_CM3_OS_Keil.lib(f24_ascii.o)
    0x08028718   0x00000018   Data   RO         1848    .constdata          STemWin526_CM3_OS_Keil.lib(f24_ascii.o)
    0x08028730   0x00000030   Data   RO         1849    .constdata          STemWin526_CM3_OS_Keil.lib(f24_ascii.o)
    0x08028760   0x00000030   Data   RO         1850    .constdata          STemWin526_CM3_OS_Keil.lib(f24_ascii.o)
    0x08028790   0x00000030   Data   RO         1851    .constdata          STemWin526_CM3_OS_Keil.lib(f24_ascii.o)
    0x080287c0   0x00000030   Data   RO         1852    .constdata          STemWin526_CM3_OS_Keil.lib(f24_ascii.o)
    0x080287f0   0x00000030   Data   RO         1853    .constdata          STemWin526_CM3_OS_Keil.lib(f24_ascii.o)
    0x08028820   0x00000030   Data   RO         1854    .constdata          STemWin526_CM3_OS_Keil.lib(f24_ascii.o)
    0x08028850   0x00000030   Data   RO         1855    .constdata          STemWin526_CM3_OS_Keil.lib(f24_ascii.o)
    0x08028880   0x00000030   Data   RO         1856    .constdata          STemWin526_CM3_OS_Keil.lib(f24_ascii.o)
    0x080288b0   0x00000030   Data   RO         1857    .constdata          STemWin526_CM3_OS_Keil.lib(f24_ascii.o)
    0x080288e0   0x00000030   Data   RO         1858    .constdata          STemWin526_CM3_OS_Keil.lib(f24_ascii.o)
    0x08028910   0x00000018   Data   RO         1859    .constdata          STemWin526_CM3_OS_Keil.lib(f24_ascii.o)
    0x08028928   0x00000018   Data   RO         1860    .constdata          STemWin526_CM3_OS_Keil.lib(f24_ascii.o)
    0x08028940   0x00000030   Data   RO         1861    .constdata          STemWin526_CM3_OS_Keil.lib(f24_ascii.o)
    0x08028970   0x00000030   Data   RO         1862    .constdata          STemWin526_CM3_OS_Keil.lib(f24_ascii.o)
    0x080289a0   0x00000030   Data   RO         1863    .constdata          STemWin526_CM3_OS_Keil.lib(f24_ascii.o)
    0x080289d0   0x00000030   Data   RO         1864    .constdata          STemWin526_CM3_OS_Keil.lib(f24_ascii.o)
    0x08028a00   0x00000048   Data   RO         1865    .constdata          STemWin526_CM3_OS_Keil.lib(f24_ascii.o)
    0x08028a48   0x00000030   Data   RO         1866    .constdata          STemWin526_CM3_OS_Keil.lib(f24_ascii.o)
    0x08028a78   0x00000030   Data   RO         1867    .constdata          STemWin526_CM3_OS_Keil.lib(f24_ascii.o)
    0x08028aa8   0x00000030   Data   RO         1868    .constdata          STemWin526_CM3_OS_Keil.lib(f24_ascii.o)
    0x08028ad8   0x00000030   Data   RO         1869    .constdata          STemWin526_CM3_OS_Keil.lib(f24_ascii.o)
    0x08028b08   0x00000030   Data   RO         1870    .constdata          STemWin526_CM3_OS_Keil.lib(f24_ascii.o)
    0x08028b38   0x00000030   Data   RO         1871    .constdata          STemWin526_CM3_OS_Keil.lib(f24_ascii.o)
    0x08028b68   0x00000030   Data   RO         1872    .constdata          STemWin526_CM3_OS_Keil.lib(f24_ascii.o)
    0x08028b98   0x00000030   Data   RO         1873    .constdata          STemWin526_CM3_OS_Keil.lib(f24_ascii.o)
    0x08028bc8   0x00000018   Data   RO         1874    .constdata          STemWin526_CM3_OS_Keil.lib(f24_ascii.o)
    0x08028be0   0x00000030   Data   RO         1875    .constdata          STemWin526_CM3_OS_Keil.lib(f24_ascii.o)
    0x08028c10   0x00000030   Data   RO         1876    .constdata          STemWin526_CM3_OS_Keil.lib(f24_ascii.o)
    0x08028c40   0x00000030   Data   RO         1877    .constdata          STemWin526_CM3_OS_Keil.lib(f24_ascii.o)
    0x08028c70   0x00000048   Data   RO         1878    .constdata          STemWin526_CM3_OS_Keil.lib(f24_ascii.o)
    0x08028cb8   0x00000030   Data   RO         1879    .constdata          STemWin526_CM3_OS_Keil.lib(f24_ascii.o)
    0x08028ce8   0x00000030   Data   RO         1880    .constdata          STemWin526_CM3_OS_Keil.lib(f24_ascii.o)
    0x08028d18   0x00000030   Data   RO         1881    .constdata          STemWin526_CM3_OS_Keil.lib(f24_ascii.o)
    0x08028d48   0x00000030   Data   RO         1882    .constdata          STemWin526_CM3_OS_Keil.lib(f24_ascii.o)
    0x08028d78   0x00000030   Data   RO         1883    .constdata          STemWin526_CM3_OS_Keil.lib(f24_ascii.o)
    0x08028da8   0x00000030   Data   RO         1884    .constdata          STemWin526_CM3_OS_Keil.lib(f24_ascii.o)
    0x08028dd8   0x00000030   Data   RO         1885    .constdata          STemWin526_CM3_OS_Keil.lib(f24_ascii.o)
    0x08028e08   0x00000030   Data   RO         1886    .constdata          STemWin526_CM3_OS_Keil.lib(f24_ascii.o)
    0x08028e38   0x00000030   Data   RO         1887    .constdata          STemWin526_CM3_OS_Keil.lib(f24_ascii.o)
    0x08028e68   0x00000048   Data   RO         1888    .constdata          STemWin526_CM3_OS_Keil.lib(f24_ascii.o)
    0x08028eb0   0x00000030   Data   RO         1889    .constdata          STemWin526_CM3_OS_Keil.lib(f24_ascii.o)
    0x08028ee0   0x00000030   Data   RO         1890    .constdata          STemWin526_CM3_OS_Keil.lib(f24_ascii.o)
    0x08028f10   0x00000030   Data   RO         1891    .constdata          STemWin526_CM3_OS_Keil.lib(f24_ascii.o)
    0x08028f40   0x00000018   Data   RO         1892    .constdata          STemWin526_CM3_OS_Keil.lib(f24_ascii.o)
    0x08028f58   0x00000018   Data   RO         1893    .constdata          STemWin526_CM3_OS_Keil.lib(f24_ascii.o)
    0x08028f70   0x00000018   Data   RO         1894    .constdata          STemWin526_CM3_OS_Keil.lib(f24_ascii.o)
    0x08028f88   0x00000018   Data   RO         1895    .constdata          STemWin526_CM3_OS_Keil.lib(f24_ascii.o)
    0x08028fa0   0x00000030   Data   RO         1896    .constdata          STemWin526_CM3_OS_Keil.lib(f24_ascii.o)
    0x08028fd0   0x00000018   Data   RO         1897    .constdata          STemWin526_CM3_OS_Keil.lib(f24_ascii.o)
    0x08028fe8   0x00000030   Data   RO         1898    .constdata          STemWin526_CM3_OS_Keil.lib(f24_ascii.o)
    0x08029018   0x00000030   Data   RO         1899    .constdata          STemWin526_CM3_OS_Keil.lib(f24_ascii.o)
    0x08029048   0x00000030   Data   RO         1900    .constdata          STemWin526_CM3_OS_Keil.lib(f24_ascii.o)
    0x08029078   0x00000030   Data   RO         1901    .constdata          STemWin526_CM3_OS_Keil.lib(f24_ascii.o)
    0x080290a8   0x00000030   Data   RO         1902    .constdata          STemWin526_CM3_OS_Keil.lib(f24_ascii.o)
    0x080290d8   0x00000018   Data   RO         1903    .constdata          STemWin526_CM3_OS_Keil.lib(f24_ascii.o)
    0x080290f0   0x00000030   Data   RO         1904    .constdata          STemWin526_CM3_OS_Keil.lib(f24_ascii.o)
    0x08029120   0x00000030   Data   RO         1905    .constdata          STemWin526_CM3_OS_Keil.lib(f24_ascii.o)
    0x08029150   0x00000018   Data   RO         1906    .constdata          STemWin526_CM3_OS_Keil.lib(f24_ascii.o)
    0x08029168   0x00000018   Data   RO         1907    .constdata          STemWin526_CM3_OS_Keil.lib(f24_ascii.o)
    0x08029180   0x00000030   Data   RO         1908    .constdata          STemWin526_CM3_OS_Keil.lib(f24_ascii.o)
    0x080291b0   0x00000018   Data   RO         1909    .constdata          STemWin526_CM3_OS_Keil.lib(f24_ascii.o)
    0x080291c8   0x00000030   Data   RO         1910    .constdata          STemWin526_CM3_OS_Keil.lib(f24_ascii.o)
    0x080291f8   0x00000030   Data   RO         1911    .constdata          STemWin526_CM3_OS_Keil.lib(f24_ascii.o)
    0x08029228   0x00000030   Data   RO         1912    .constdata          STemWin526_CM3_OS_Keil.lib(f24_ascii.o)
    0x08029258   0x00000030   Data   RO         1913    .constdata          STemWin526_CM3_OS_Keil.lib(f24_ascii.o)
    0x08029288   0x00000030   Data   RO         1914    .constdata          STemWin526_CM3_OS_Keil.lib(f24_ascii.o)
    0x080292b8   0x00000018   Data   RO         1915    .constdata          STemWin526_CM3_OS_Keil.lib(f24_ascii.o)
    0x080292d0   0x00000030   Data   RO         1916    .constdata          STemWin526_CM3_OS_Keil.lib(f24_ascii.o)
    0x08029300   0x00000018   Data   RO         1917    .constdata          STemWin526_CM3_OS_Keil.lib(f24_ascii.o)
    0x08029318   0x00000030   Data   RO         1918    .constdata          STemWin526_CM3_OS_Keil.lib(f24_ascii.o)
    0x08029348   0x00000030   Data   RO         1919    .constdata          STemWin526_CM3_OS_Keil.lib(f24_ascii.o)
    0x08029378   0x00000030   Data   RO         1920    .constdata          STemWin526_CM3_OS_Keil.lib(f24_ascii.o)
    0x080293a8   0x00000030   Data   RO         1921    .constdata          STemWin526_CM3_OS_Keil.lib(f24_ascii.o)
    0x080293d8   0x00000030   Data   RO         1922    .constdata          STemWin526_CM3_OS_Keil.lib(f24_ascii.o)
    0x08029408   0x00000030   Data   RO         1923    .constdata          STemWin526_CM3_OS_Keil.lib(f24_ascii.o)
    0x08029438   0x00000018   Data   RO         1924    .constdata          STemWin526_CM3_OS_Keil.lib(f24_ascii.o)
    0x08029450   0x00000018   Data   RO         1925    .constdata          STemWin526_CM3_OS_Keil.lib(f24_ascii.o)
    0x08029468   0x00000018   Data   RO         1926    .constdata          STemWin526_CM3_OS_Keil.lib(f24_ascii.o)
    0x08029480   0x00000030   Data   RO         1927    .constdata          STemWin526_CM3_OS_Keil.lib(f24_ascii.o)
    0x080294b0   0x000002f8   Data   RO         1928    .constdata          STemWin526_CM3_OS_Keil.lib(f24_ascii.o)
    0x080297a8   0x0000000c   Data   RO         1929    .constdata          STemWin526_CM3_OS_Keil.lib(f24_ascii.o)
    0x080297b4   0x00000024   Data   RO         1930    .constdata          STemWin526_CM3_OS_Keil.lib(f24_ascii.o)
    0x080297d8   0x00000074   Data   RO         1948    .constdata          STemWin526_CM3_OS_Keil.lib(guidev_16.o)
    0x0802984c   0x00000020   Data   RO         1967    .constdata          STemWin526_CM3_OS_Keil.lib(gui__divtbl_31_255.o)
    0x0802986c   0x00000040   Data   RO         1968    .constdata          STemWin526_CM3_OS_Keil.lib(gui__divtbl_63_255.o)
    0x080298ac   0x00000100   Data   RO         1969    .constdata          STemWin526_CM3_OS_Keil.lib(gui__divtbl_255_31.o)
    0x080299ac   0x00000100   Data   RO         1970    .constdata          STemWin526_CM3_OS_Keil.lib(gui__divtbl_255_63.o)
    0x08029aac   0x00000014   Data   RO         2041    .constdata          STemWin526_CM3_OS_Keil.lib(gui_cursorarrowm.o)
    0x08029ac0   0x0000000c   Data   RO         2042    .constdata          STemWin526_CM3_OS_Keil.lib(gui_cursorarrowm.o)
    0x08029acc   0x00000034   Data   RO         2143    .constdata          STemWin526_CM3_OS_Keil.lib(gui_sprite.o)
    0x08029b00   0x00000010   Data   RO         2226    .constdata          STemWin526_CM3_OS_Keil.lib(gui_uc_encodenone.o)
    0x08029b10   0x0000000c   Data   RO         2250    .constdata          STemWin526_CM3_OS_Keil.lib(lcd.o)
    0x08029b1c   0x00000100   Data   RO         2285    .constdata          STemWin526_CM3_OS_Keil.lib(lcd_mirror.o)
    0x08029c1c   0x00000008   Data   RO         2297    .constdata          STemWin526_CM3_OS_Keil.lib(guidev_writetoactiveopaque.o)
    0x08029c24   0x0000003c   Data   RO         2455    .constdata          STemWin526_CM3_OS_Keil.lib(gui_cursorarrowmpx.o)
    0x08029c60   0x0000000c   Data   RO         2456    .constdata          STemWin526_CM3_OS_Keil.lib(gui_cursorpal.o)
    0x08029c6c   0x0000000c   Data   RO         2457    .constdata          STemWin526_CM3_OS_Keil.lib(gui_cursorpal.o)
    0x08029c78   0x00000018   Data   RO         2531    .constdata          STemWin526_CM3_OS_Keil.lib(guicc_0.o)
    0x08029c90   0x00000018   Data   RO         2803    .constdata          STemWin526_CM3_OS_Keil.lib(guicc_8888.o)
    0x08029ca8   0x00000074   Data   RO         2833    .constdata          STemWin526_CM3_OS_Keil.lib(guidev_32.o)
    0x08029d1c   0x00000018   Data   RO         2875    .constdata          STemWin526_CM3_OS_Keil.lib(guidev_usagebm.o)
    0x08029d34   0x00000028   Data   RO         3020    .constdata          c_w.l(_printf_hex_int.o)
    0x08029d5c   0x00000079   Data   RO          465    .conststring        touch.o
    0x08029dd5   0x00000003   PAD
    0x08029dd8   0x00000064   Data   RO         1335    .conststring        exfuns.o
    0x08029e3c   0x00000020   Data   RO         3346    Region$$Table       anon$$obj.o


    Execution Region RW_IRAM1 (Base: 0x20000000, Size: 0x0000a608, Max: 0x00010000, ABSOLUTE, COMPRESSED[0x000000a8])

    Base Addr    Size         Type   Attr      Idx    E Section Name        Object

    0x20000000   0x00000014   Data   RW          270    .data               system_stm32f10x.o
    0x20000014   0x00000001   Data   RW          300    .data               key.o
    0x20000015   0x00000001   PAD
    0x20000016   0x00000004   Data   RW          315    .data               ili93xx.o
    0x2000001a   0x00000001   Data   RW          411    .data               ft5206.o
    0x2000001b   0x00000001   Data   RW          430    .data               gt9147.o
    0x2000001c   0x00000001   Data   RW          449    .data               ott2001a.o
    0x2000001d   0x00000003   PAD
    0x20000020   0x00000036   Data   RW          466    .data               touch.o
    0x20000056   0x00000002   PAD
    0x20000058   0x00000010   Data   RW          497    .data               sdio_sdcard.o
    0x20000068   0x00000002   Data   RW          523    .data               w25qxx.o
    0x2000006a   0x00000004   Data   RW          553    .data               delay.o
    0x2000006e   0x00000002   PAD
    0x20000070   0x00000006   Data   RW          589    .data               usart.o
    0x20000076   0x00000002   PAD
    0x20000078   0x0000001c   Data   RW          632    .data               malloc.o
    0x20000094   0x00000014   Data   RW          701    .data               stm32f10x_rcc.o
    0x200000a8   0x00000004   Data   RW          824    .data               lib_mem.o
    0x200000ac   0x00000008   Data   RW          978    .data               os_prio.o
    0x200000b4   0x000000c8   Data   RW         1081    .data               os_var.o
    0x2000017c   0x00000004   Data   RW         1095    .data               os_cpu_c.o
    0x20000180   0x00000011   Data   RW         1147    .data               gui_x_ucosiii.o
    0x20000191   0x00000003   PAD
    0x20000194   0x00000008   Data   RW         1162    .data               guidrv_template.o
    0x2000019c   0x00000004   Data   RW         1251    .data               cpu_core.o
    0x200001a0   0x0000000a   Data   RW         1291    .data               ff.o
    0x200001aa   0x00000002   Data   RW         1314    .data               diskio.o
    0x200001ac   0x0000001c   Data   RW         1336    .data               exfuns.o
    0x200001c8   0x00000008   Data   RW         1465    .data               STemWin526_CM3_OS_Keil.lib(gui_alloc.o)
    0x200001d0   0x0000002c   Data   RW         1512    .data               STemWin526_CM3_OS_Keil.lib(gui_core.o)
    0x200001fc   0x00000004   Data   RW         1513    .data               STemWin526_CM3_OS_Keil.lib(gui_core.o)
    0x20000200   0x00000004   Data   RW         1514    .data               STemWin526_CM3_OS_Keil.lib(gui_core.o)
    0x20000204   0x00000004   Data   RW         1515    .data               STemWin526_CM3_OS_Keil.lib(gui_core.o)
    0x20000208   0x00000004   Data   RW         1516    .data               STemWin526_CM3_OS_Keil.lib(gui_core.o)
    0x2000020c   0x00000004   Data   RW         1517    .data               STemWin526_CM3_OS_Keil.lib(gui_core.o)
    0x20000210   0x00000002   Data   RW         1518    .data               STemWin526_CM3_OS_Keil.lib(gui_core.o)
    0x20000212   0x00000002   PAD
    0x20000214   0x00000004   Data   RW         1519    .data               STemWin526_CM3_OS_Keil.lib(gui_core.o)
    0x20000218   0x00000002   Data   RW         1520    .data               STemWin526_CM3_OS_Keil.lib(gui_core.o)
    0x2000021a   0x00000002   Data   RW         1521    .data               STemWin526_CM3_OS_Keil.lib(gui_core.o)
    0x2000021c   0x0000000c   Data   RW         1550    .data               STemWin526_CM3_OS_Keil.lib(gui_curs1.o)
    0x20000228   0x00000030   Data   RW         1661    .data               STemWin526_CM3_OS_Keil.lib(gui_touch_driveranalog.o)
    0x20000258   0x00000008   Data   RW         1680    .data               STemWin526_CM3_OS_Keil.lib(guicc_m565.o)
    0x20000260   0x00000004   Data   RW         1949    .data               STemWin526_CM3_OS_Keil.lib(guidev_16.o)
    0x20000264   0x00000008   Data   RW         1983    .data               STemWin526_CM3_OS_Keil.lib(gui__wrap.o)
    0x2000026c   0x00000004   Data   RW         2016    .data               STemWin526_CM3_OS_Keil.lib(gui_charline.o)
    0x20000270   0x00000004   Data   RW         2061    .data               STemWin526_CM3_OS_Keil.lib(gui_fillpolygon.o)
    0x20000274   0x00000008   Data   RW         2086    .data               STemWin526_CM3_OS_Keil.lib(gui_selectlayer.o)
    0x2000027c   0x0000001c   Data   RW         2194    .data               STemWin526_CM3_OS_Keil.lib(gui_task.o)
    0x20000298   0x00000008   Data   RW         2204    .data               STemWin526_CM3_OS_Keil.lib(gui_touch_storeunstable.o)
    0x200002a0   0x00000004   Data   RW         2251    .data               STemWin526_CM3_OS_Keil.lib(lcd.o)
    0x200002a4   0x00000010   Data   RW         2277    .data               STemWin526_CM3_OS_Keil.lib(lcd_color.o)
    0x200002b4   0x00000060   Data   RW         2359    .data               STemWin526_CM3_OS_Keil.lib(wm.o)
    0x20000314   0x00000001   Data   RW         2360    .data               STemWin526_CM3_OS_Keil.lib(wm.o)
    0x20000315   0x00000003   PAD
    0x20000318   0x00000014   Data   RW         2430    .data               STemWin526_CM3_OS_Keil.lib(gui__managecache.o)
    0x2000032c   0x0000000c   Data   RW         2484    .data               STemWin526_CM3_OS_Keil.lib(gui_onkey.o)
    0x20000338   0x0000000c   Data   RW         2519    .data               STemWin526_CM3_OS_Keil.lib(gui_waitevent.o)
    0x20000344   0x00000004   Data   RW         2564    .data               STemWin526_CM3_OS_Keil.lib(guidev_banding.o)
    0x20000348   0x00000001   Data   RW         2579    .data               STemWin526_CM3_OS_Keil.lib(guidev_staticdevices.o)
    0x20000349   0x00000003   PAD
    0x2000034c   0x00000004   Data   RW         2590    .data               STemWin526_CM3_OS_Keil.lib(wm__sendmessage.o)
    0x20000350   0x0000000c   Data   RW         2632    .data               STemWin526_CM3_OS_Keil.lib(wm_touch.o)
    0x2000035c   0x00000028   Data   RW         2650    .data               STemWin526_CM3_OS_Keil.lib(gui__alpha.o)
    0x20000384   0x00000008   Data   RW         2678    .data               STemWin526_CM3_OS_Keil.lib(gui_pid.o)
    0x2000038c   0x00000020   Data   RW         2721    .data               STemWin526_CM3_OS_Keil.lib(gui_setalpha.o)
    0x200003ac   0x00000014   Data   RW         2775    .data               STemWin526_CM3_OS_Keil.lib(gui_timer.o)
    0x200003c0   0x00000004   Data   RW         2955    .data               STemWin526_CM3_OS_Keil.lib(lcd_aa.o)
    0x200003c4   0x00003710   Zero   RW            2    .bss                main.o
    0x20003ad4   0x0000000e   Zero   RW          313    .bss                ili93xx.o
    0x20003ae2   0x00000006   PAD
    0x20003ae8   0x000002c0   Zero   RW          496    .bss                sdio_sdcard.o
    0x20003da8   0x00001000   Zero   RW          522    .bss                w25qxx.o
    0x20004da8   0x000000c8   Zero   RW          588    .bss                usart.o
    0x20004e70   0x00000010   PAD
    0x20004e80   0x00002a80   Zero   RW          630    .bss                malloc.o
    0x20007900   0x00000448   Zero   RW          823    .bss                lib_mem.o
    0x20007d48   0x00001490   Zero   RW          862    .bss                os_cfg_app.o
    0x200091d8   0x000006e0   Zero   RW         1080    .bss                os_var.o
    0x200098b8   0x00000010   Zero   RW         1249    .bss                cpu_core.o
    0x200098c8   0x00000021   Zero   RW         1397    .bss                fontupd.o
    0x200098e9   0x00000003   PAD
    0x200098ec   0x000000c8   Zero   RW         1464    .bss                STemWin526_CM3_OS_Keil.lib(gui_alloc.o)
    0x200099b4   0x00000070   Zero   RW         1510    .bss                STemWin526_CM3_OS_Keil.lib(gui_core.o)
    0x20009a24   0x00000028   Zero   RW         1549    .bss                STemWin526_CM3_OS_Keil.lib(gui_curs1.o)
    0x20009a4c   0x00000010   Zero   RW         1660    .bss                STemWin526_CM3_OS_Keil.lib(gui_touch_driveranalog.o)
    0x20009a5c   0x00000018   Zero   RW         2060    .bss                STemWin526_CM3_OS_Keil.lib(gui_fillpolygon.o)
    0x20009a74   0x00000018   Zero   RW         2358    .bss                STemWin526_CM3_OS_Keil.lib(wm.o)
    0x20009a8c   0x00000058   Zero   RW         2483    .bss                STemWin526_CM3_OS_Keil.lib(gui_onkey.o)
    0x20009ae4   0x0000000c   Zero   RW         2510    .bss                STemWin526_CM3_OS_Keil.lib(gui_touch_storestate.o)
    0x20009af0   0x00000048   Zero   RW         2631    .bss                STemWin526_CM3_OS_Keil.lib(wm_touch.o)
    0x20009b38   0x00000048   Zero   RW         2677    .bss                STemWin526_CM3_OS_Keil.lib(gui_pid.o)
    0x20009b80   0x0000000c   Zero   RW         2796    .bss                STemWin526_CM3_OS_Keil.lib(gui_touch.o)
    0x20009b8c   0x00000018   Zero   RW         2918    .bss                STemWin526_CM3_OS_Keil.lib(wm_pid__getprevstate.o)
    0x20009ba4   0x00000060   Zero   RW         3206    .bss                c_w.l(libspace.o)
    0x20009c04   0x00000004   PAD
    0x20009c08   0x00000200   Zero   RW          621    HEAP                startup_stm32f10x_hd.o
    0x20009e08   0x00000800   Zero   RW          620    STACK               startup_stm32f10x_hd.o



  Load Region LR$$.ARM.__AT_0x68000000 (Base: 0x68000000, Size: 0x00000000, Max: 0x000c8000, ABSOLUTE)

    Execution Region ER$$.ARM.__AT_0x68000000 (Base: 0x68000000, Size: 0x000c8000, Max: 0x000c8000, ABSOLUTE, UNINIT)

    Base Addr    Size         Type   Attr      Idx    E Section Name        Object

    0x68000000   0x000c8000   Zero   RW          628    .ARM.__AT_0x68000000  malloc.o



  Load Region LR$$.ARM.__AT_0x680C8000 (Base: 0x680c8000, Size: 0x00000000, Max: 0x0000c800, ABSOLUTE)

    Execution Region ER$$.ARM.__AT_0x680C8000 (Base: 0x680c8000, Size: 0x0000c800, Max: 0x0000c800, ABSOLUTE, UNINIT)

    Base Addr    Size         Type   Attr      Idx    E Section Name        Object

    0x680c8000   0x0000c800   Zero   RW          629    .ARM.__AT_0x680C8000  malloc.o


==============================================================================

Image component sizes


      Code (inc. data)   RO Data    RW Data    ZI Data      Debug   Object Name

       378          0          0          0          0       2934   24cxx.o
        56          6          0          0          0        556   beep.o
       132         12          0          0          0       1219   bsp.o
        52          0          0          0          0        380   cpu_a.o
       680         14        260          4         16      14739   cpu_core.o
       648         28          0          0          0       2117   ctiic.o
       332         28          0          4          0       1953   delay.o
       512          8          0          2          0       3762   diskio.o
       424         22        412         28          0       2944   exfuns.o
     13028        144         58         10          0      39246   ff.o
         0          0          0          0         33       1673   fontupd.o
       800         40         10          1          0       2683   ft5206.o
      1096         78        194          1          0       3206   gt9147.o
       112          8          0          0          0       1180   gui_x_touch_analog.o
       360         62          0         17          0       3255   gui_x_ucosiii.o
        44          6          0          0          0        635   guiconf.o
      2196         76         52          8          0      59182   guidrv_template.o
     19030        162       6080          4         14      22689   ili93xx.o
       252         12          0          1          0        908   key.o
       480         14          0          0          0       1095   lcdconf_flexcolor_template.o
        76          8          0          0          0        563   led.o
       598          0          0          0          0       3952   lib_ascii.o
      2502         32          0          4       1096      22492   lib_mem.o
       544          0          0          0          0        524   lib_mem_a.o
      2348          6        148          0          0      13986   lib_str.o
       820        110          0          0      14096     379541   main.o
       556         18         24         28     881280       4956   malloc.o
       220         22          0          0          0       1961   misc.o
       204         12        960          0          0       1745   mycc936.o
       620         14          0          0          0       1948   myiic.o
       252        166        164          0       5264      21178   os_cfg_app.o
      3588        294          0          0          0      12597   os_core.o
       152         32          0          0          0        436   os_cpu_a.o
       620         66          0          4          0       4081   os_cpu_c.o
       432        286        364          0          0       4953   os_dbg.o
      3624        110          0          0          0       8175   os_flag.o
      1092        146          0          0          0       2480   os_int.o
       568         20          0          0          0       2904   os_mem.o
       556         12          0          0          0       2943   os_msg.o
      2772        114          0          0          0       5714   os_mutex.o
       124          4          0          8          0       1956   os_prio.o
      2264         76          0          0          0       6476   os_q.o
      2096         70          0          0          0       6492   os_sem.o
      1592        180          0          0          0       2961   os_stat.o
      7092        270          0          0          0      14318   os_task.o
      1276         90          0          0          0       3429   os_tick.o
      1380         46          0          0          0       3433   os_time.o
      2072        140          0          0          0       6618   os_tmr.o
         0          0          0        200       1760      19493   os_var.o
       856         62         10          1          0       2847   ott2001a.o
      7228        260          0         16        704      25008   sdio_sdcard.o
       264         10          0          0          0       1173   spi.o
       436         42          0          0          0       2009   sram.o
        64         26        304          0       2560        836   startup_stm32f10x_hd.o
       596          8          0          0          0       4526   stm32f10x_dma.o
      1548         18          0          0          0       5539   stm32f10x_fsmc.o
       860         38          0          0          0       5897   stm32f10x_gpio.o
        22          0          0          0          0       1063   stm32f10x_it.o
       932         36          0         20          0       9144   stm32f10x_rcc.o
       468         22          0          0          0       7284   stm32f10x_sdio.o
       780         14          0          0          0       6774   stm32f10x_spi.o
      3610         88          0          0          0      23004   stm32f10x_tim.o
      1032         22          0          0          0       8616   stm32f10x_usart.o
        12          0          0          0          0        683   sys.o
       480         38          0         20          0       1935   system_stm32f10x.o
       440        150          8          0          0        825   textdisplay.o
       228          8          0          0          0       1302   timer.o
      3988        228        125         54          0       7005   touch.o
       336         18          0          6        200       3398   usart.o
       872         30          0          2       4096       4673   w25qxx.o

    ----------------------------------------------------------------------
    105716       4182       9210        456     911144     852202   Object Totals
         0          0         32          0          0          0   (incl. Generated)
        12          0          5         13         25          0   (incl. Padding)

    ----------------------------------------------------------------------

      Code (inc. data)   RO Data    RW Data    ZI Data      Debug   Library Member Name

         0          0       4792          0          0          0   f24_ascii.o
         0          0       1816          0          0          0   f6x8.o
         0          0       3120          0          0          0   f8x16.o
       856         38          0         40          0        512   gui__alpha.o
       648          0          0          0          0        160   gui__compactpixelindices.o
         0          0        256          0          0          0   gui__divtbl_255_31.o
         0          0        256          0          0          0   gui__divtbl_255_63.o
         0          0         32          0          0          0   gui__divtbl_31_255.o
         0          0         64          0          0          0   gui__divtbl_63_255.o
       322          0          0          0          0        108   gui__expandpixelindices.o
        58          0          0          0          0         68   gui__intersectrect.o
        82          0          0          0          0         80   gui__intersectrects.o
       216          8          0         20          0        156   gui__managecache.o
        76          0          0          0          0         76   gui__memset.o
        60          0          0          0          0         76   gui__memset16.o
       304          4          0          8          0        508   gui__wrap.o
      1854        120          0          8        200       1908   gui_alloc.o
        46          0          0          0          0         80   gui_alloc_alloczero.o
        60          0          0          0          0         76   gui_calccolordist.o
       164         20          0          0          0        308   gui_char.o
       458         36          0          4          0        472   gui_charline.o
       394         10          0          0          0        300   gui_charm.o
       308         10          0          0          0        384   gui_charp.o
       188          4          0          0          0         92   gui_circ.o
       476         78          8         74        112        620   gui_core.o
       484         44          0         12         40        492   gui_curs1.o
         0          0         32          0          0          0   gui_cursorarrowm.o
         0          0         60          0          0          0   gui_cursorarrowmpx.o
         0          0         24          0          0          0   gui_cursorpal.o
       434         34          8          0          0        676   gui_device.o
       264          4          0          0          0         88   gui_dispstring.o
        40          6          0          0          0         88   gui_dispstringat.o
        52          4          0          0          0         92   gui_dispstringhcenter.o
       332          0          0          0          0        184   gui_dispstringinrectwrap.o
       244         14          0          0          0        184   gui_drawbitmap.o
      1192         34         68          0          0        832   gui_drawline.o
        32          4          0          0          0         68   gui_drawpoint.o
        52          4          0          0          0        152   gui_exec.o
       532         22          0          4         24        176   gui_fillpolygon.o
        88          4          0          0          0         84   gui_fillrect.o
        20          0          0          0          0         68   gui_fillrectex.o
       160          0          0          0          0        152   gui_getbitmappixelindex.o
        48          0          0          0          0        152   gui_getcolor.o
        54         10          0          0          0        156   gui_getorg.o
        66         12          0          0          0        216   gui_goto.o
        88          0          0          0          0         76   gui_mergerect.o
        30          0          0          0          0         68   gui_moverect.o
       102         12          0         12         88        284   gui_onkey.o
        28          4          0          0          0         80   gui_pen.o
       248         36          0          8         72        444   gui_pid.o
        56          0          0          0          0         68   gui_rectsintersect.o
        32         10          0          0          0        136   gui_savecontext.o
       198         14          0          8          0        476   gui_selectlayer.o
        26          0          0          0          0         80   gui_selectlcd.o
        36          4          0         32          0         76   gui_setalpha.o
        44          0          0          0          0        160   gui_setcolor.o
        64          6          0          0          0         80   gui_setdefault.o
        24          0          0          0          0         76   gui_setdrawmode.o
        32          6          0          0          0         80   gui_setfont.o
        28          4          0          0          0         80   gui_setlinestyle.o
        64         16          0          0          0         88   gui_setorg.o
        32          6          0          0          0         80   gui_settextalign.o
        32          6          0          0          0         80   gui_settextmode.o
      4666         50         52          0          0       2720   gui_sprite.o
       324         32          0         28          0        392   gui_task.o
       104          6          0          0          0         84   gui_time.o
       354         16          0         20          0        484   gui_timer.o
        44          6          0          0         12         84   gui_touch.o
       632         46          0         48         16        472   gui_touch_driveranalog.o
        36          6          0          0         12         68   gui_touch_storestate.o
        44          4          0          8          0         88   gui_touch_storeunstable.o
        84         10          0          0          0        168   gui_uc.o
        18          0         16          0          0        272   gui_uc_encodenone.o
        16          4          0         12          0         68   gui_waitevent.o
       198          0         24          0          0        244   guicc_0.o
        36          0         24          0          0        288   guicc_8888.o
         2          0          0          0          0         68   guicc_8888_index2color.o
         2          0          0          0          0         68   guicc_888_index2color.o
       250         42         24          8          0        412   guicc_m565.o
       794         38          0          0          0        680   guidev.o
      2324         66        116          4          0       1336   guidev_16.o
      2356         62        116          0          0       1440   guidev_32.o
       308         14          0          4          0        168   guidev_banding.o
        68          4          0          0          0         76   guidev_clear.o
        34          0          0          0          0         80   guidev_getdataptr.o
        52          6          0          0          0         80   guidev_getysize.o
        56          4          0          0          0         80   guidev_reduceysize.o
       100          4          0          0          0         80   guidev_setorg.o
       358         22          0          1          0        188   guidev_staticdevices.o
        84          0          0          0          0        164   guidev_usage.o
       424          4         24          0          0        460   guidev_usagebm.o
       116          4          0          0          0        148   guidev_write.o
       400         14          0          0          0         96   guidev_writetoactivealpha.o
      1868         16          8          0          0        492   guidev_writetoactiveopaque.o
      1730        118         12          4          0       1436   lcd.o
        16          6          0          4          0         68   lcd_aa.o
       260         26          0         16          0        388   lcd_color.o
        32         12          0          0          0        136   lcd_getcolorindex.o
       384         32          0          0          0       1340   lcd_getex.o
        26          0          0          0          0         80   lcd_getnumdisplays.o
         0          0        256          0          0          0   lcd_mirror.o
       504         18          0          0          0        184   lcd_readrect.o
        64         10          0          0          0         80   lcd_selectlcd.o
       260          0          0          0          0        500   lcd_set.o
        48         10          0          0          0         80   lcd_setcliprectex.o
        36          4          0          0          0         80   lcd_updatecolorindices.o
      4674        228          0         97         24       4132   wm.o
        18          0          0          0          0         76   wm__getfirstsibling.o
        36          0          0          0          0         80   wm__getprevsibling.o
        34          0          0          0          0         80   wm__isancestor.o
        22          0          0          0          0         76   wm__isenabled.o
        60          6          0          4          0         88   wm__sendmessage.o
        28          0          0          0          0         92   wm__sendmessageifenabled.o
        38          0          0          0          0         80   wm__sendmessagenopara.o
       220          0          0          0          0         96   wm__updatechildpositions.o
       136          0          0          0          0         92   wm_bringtobottom.o
        60         12          0          0          0        136   wm_criticalhandle.o
        32          0          0          0          0         80   wm_getclientrect.o
        24         10          0          0          0         68   wm_getdesktopwindow.o
        20          4          0          0          0         68   wm_getdesktopwindowex.o
        26          0          0          0          0         76   wm_getfirstchild.o
        32          0          0          0          0         80   wm_getorg.o
        26          0          0          0          0         76   wm_getparent.o
        24          0          0          0          0         76   wm_iswindow.o
       294          0          0          0          0        272   wm_move.o
        16          0          0          0          0         76   wm_notifyparent.o
        64          8          0          0          0         88   wm_onkey.o
        24          6          0          0         24         68   wm_pid__getprevstate.o
       244          0          0          0          0         88   wm_resizewindow.o
       204          6          0          0          0        324   wm_screen2win.o
        26          0          0          0          0         88   wm_sendmessagenopara.o
        38          0          0          0          0         92   wm_sendtoparent.o
        62          8          0          0          0        160   wm_setcapture.o
        72          0          0          0          0         84   wm_setsize.o
        32          4          0          0          0         80   wm_setusercliprect.o
       124          0          0          0          0        164   wm_timer.o
      1108         46          0         12         72        344   wm_touch.o
        90          0          0          0          0          0   __dczerorl2.o
         8          0          0          0          0         68   __main.o
       104          0          0          0          0         84   __printf.o
         0          0          0          0          0          0   __rtentry.o
        12          0          0          0          0          0   __rtentry2.o
         6          0          0          0          0          0   __rtentry4.o
        52          8          0          0          0          0   __scatter.o
        28          0          0          0          0          0   __scatter_zi.o
        44          0          0          0          0        108   _printf_char.o
        48          6          0          0          0         96   _printf_char_common.o
        36          4          0          0          0         80   _printf_char_file.o
         6          0          0          0          0          0   _printf_d.o
       120         16          0          0          0         92   _printf_dec.o
        88          4         40          0          0         88   _printf_hex_int.o
       178          0          0          0          0         88   _printf_intcommon.o
         0          0          0          0          0          0   _printf_percent.o
         4          0          0          0          0          0   _printf_percent_end.o
         6          0          0          0          0          0   _printf_s.o
        82          0          0          0          0         80   _printf_str.o
         6          0          0          0          0          0   _printf_x.o
        22          0          0          0          0        100   _rserrno.o
        16          0          0          0          0         68   aeabi_memset.o
        18          0          0          0          0         80   exit.o
         8          0          0          0          0         68   ferror.o
         6          0          0          0          0        152   heapauxi.o
         2          0          0          0          0          0   libinit.o
         2          0          0          0          0          0   libinit2.o
         2          0          0          0          0          0   libshutdown.o
         2          0          0          0          0          0   libshutdown2.o
         8          4          0          0         96         68   libspace.o
        72          0          0          0          0         76   llsdiv.o
       238          0          0          0          0        100   lludivv7m.o
        88          0          0          0          0         76   memcmp.o
        24          4          0          0          0         84   noretval__2printf.o
         8          4          0          0          0         68   rt_errno_addr_intlibspace.o
        68          0          0          0          0         68   rt_memclr.o
        78          0          0          0          0         80   rt_memclr_w.o
       138          0          0          0          0         68   rt_memcpy_v6.o
       100          0          0          0          0         80   rt_memcpy_w.o
       132          0          0          0          0         68   rt_memmove_v6.o
       122          0          0          0          0         80   rt_memmove_w.o
         2          0          0          0          0          0   rtexit.o
        10          0          0          0          0          0   rtexit2.o
       128          0          0          0          0         68   strcmpv7m.o
        72          0          0          0          0         80   strcpy.o
        74          0          0          0          0         80   sys_stackheap_outer.o
       826         16          0          0          0        348   daddsub_clz.o
        24          0          0          0          0         68   dcmpi.o
        90          4          0          0          0         92   dfixu.o
        84          0          0          0          0        136   dflt_clz.o
       120          4          0          0          0         92   dleqf.o
       340         12          0          0          0        104   dmul.o
       156          4          0          0          0         92   dnaninf.o
        12          0          0          0          0         68   dretinf.o
       108          0          0          0          0         80   drleqf.o
       460         56          0          0          0        120   dsqrt_noumaal.o
        86          4          0          0          0         84   f2d.o
       430          8          0          0          0        168   faddsub_clz.o
       388         76          0          0          0         96   fdiv.o
        54          4          0          0          0         84   ffix.o
        62          4          0          0          0         84   ffixu.o
        86          0          0          0          0        136   fflt_clz.o
       258          4          0          0          0         84   fmul.o
       140          4          0          0          0         84   fnaninf.o
        10          0          0          0          0         68   fretinf.o
         0          0          0          0          0          0   usenofp.o
        76          0          0          0          0         84   sqrt.o

    ----------------------------------------------------------------------
     45438       1952      11248        508        796      40324   Library Totals
       112          0          0          8          4          0   (incl. Padding)

    ----------------------------------------------------------------------

      Code (inc. data)   RO Data    RW Data    ZI Data      Debug   Library Name

     39158       1702      11208        500        696      35756   STemWin526_CM3_OS_Keil.lib
      2358         50         40          0         96       2396   c_w.l
      3734        200          0          0          0       2088   fz_ws.l
        76          0          0          0          0         84   m_ws.l

    ----------------------------------------------------------------------
     45438       1952      11248        508        796      40324   Library Totals

    ----------------------------------------------------------------------

==============================================================================


      Code (inc. data)   RO Data    RW Data    ZI Data      Debug   

    151154       6134      20458        964     911940     861010   Grand Totals
    151154       6134      20458        168     911940     861010   ELF Image Totals (compressed)
    151154       6134      20458        168          0          0   ROM Totals

==============================================================================

    Total RO  Size (Code + RO Data)               171612 ( 167.59kB)
    Total RW  Size (RW Data + ZI Data)            912904 ( 891.51kB)
    Total ROM Size (Code + RO Data + RW Data)     171780 ( 167.75kB)

==============================================================================

